Demo - The Code Killers G.d.r. Intro
Dance Diverse Vol 1 - Majic 12
Dance Trance I - Interactive
Dance Trance II - Interactive
D.A.N.E - Kefrens
Danish Know How - Flash Production
Darkroom - Stellar
Darkside - The Black Lotus AGA
Darktro - Darkness
Day of Reckoning - Digital
Deadly Jammin 2 - Deathstar
Decaying paradise - Andromeda
Decibel overload - Cue-X Developments
Deep Core - Balance
Deformations - Deform
Deja Vu - Anarchy
Delicate sounds - Razor 1911
Delirium - Fraxion
Delirium - Deform
Delirium - Fraxion
Demo Disk 1 - Apology
Demo-Disk - Quest
Demo Disk - Subway
Demon download - The Silents
Demons are forever - Doctor Mabuse Orgasm Crackings
Demon's Rage - Nerve Axis
Desert Dream - Kefrens
Despair - LSD
Det kniber - Rebels
Difficult To Cure - Analog
Diggy Piggys - Channel 42,The Silents
Digital Complexity - Crass
Digital concert 1 - Flash Production
Digital concert 2 - Flash Production
Digital concert 3 - Flash Production
Digital concert 4 - Flash Production
Digital Concert 5 - Flash Production
Digital concert 6 - Flash Production
Digital innovation - Anarchy
Digital Music Art - Wildfire
Digital Noises - Ram Jam
Digital sounds vol 1 - The Warfalcons
Dirt - Mystic AGA
Disco Fever - Ipec Elite
Divine Inspiration - Goldfire
Dizzy Tunes 1 - Noiseless,The Silents
Dizzy Tunes 2 - Spaceballs,noiseless
Don Martin - Hypnosis
Don't Panic - LSD
D.O.S - Andromeda
Do the Bartman - Freehand
Double Intro Part1 - Vega Intro
Dragon Lord - Alfaforce
Dream Trippin' - Digital
Drums & Reverbs - Chryseis
Dynamo - Orion
Dyspepsia - Analogy