1001 Stolen Ideas - Airwalk AGA	1/1.run
242 - Virtual Dreams	1/2.run
24 Hour E Fix - Quartz Fix	1/3.run
2d - Remedy (amiga)	1/4.run
2 unlimited No Limit - Project A	1/5.run
3D balls - Avenger	1/6.run
3D DEMO - Anarchy Demo	1/7.run
3D-Net-Analyzer - Doctor Mabuse Orgasm Crackings	1/8.run
5 Yards - Vision	1/9.run
8-Bit Jungle - Unstable Label	1/10.run
9 Fingers - Spaceballs	1/11.run
3d vector demo - Prophets AG,unicorn Demo	1/12.run
3d vector demo - Prophets AG,unicorn	1/13.run
Antediluvian Sloppy Spectacle - Essence	2/1.run
Absence of Light - Animators	2/2.run
Absolute Inebriation - Virtual Dreams,Fairlight	2/3.run
Absolute Swedish 1 - Phew! Productions	2/4.run
Acid In The House - Northstar,The Silents	2/5.run
Acme Slideshow 1991 (Reflection of Perfection) - Acme (Amiga)	2/6.run
A Few Tunes by Dr. Awesome and Fleshbrain - The Crusaders	2/7.run
Alchemy - Rage	2/8.run
Alfred The Music Disk - Relay	2/9.run
Aloha - Rebels	2/10.run
Alpha & Omega - Pure Metal Coders	2/11.run
Alternative Reality - Suspect	2/12.run
Amazing Tunes - Share And Enjoy,Megaforce	2/13.run
Amazing Tunes II - Share And Enjoy	2/14.run
Amplifier 1 - Dimension 4	2/15.run
Analogia - Analog	2/16.run
Anarchy (announcetro/Silents fr last demo) - The Silents,Anarchy	2/17.run
Anarchy party slide - Razor 1911 AnarchyPartySlide	2/18.run
Animotion - Phenomena	2/19.run
Announce - Lemon.	2/20.run
Apocalypse - Gods	2/21.run
Aquarium - Carillon & Cyberiad	2/22.run
Art & Go! - Impulse (.hu)	2/23.run
ARTE - Sanity	2/24.run
Artificial Paradise - New Generation Crew AGA	2/25.run
Art of Noise 3 - Northtech	2/26.run
Art of Noise 4 - Northtech	2/27.run
Assemblo - World Industries	2/28.run
Assembly 1992 Slideshow - World Industries	2/29.run
Astrogate - Byterapers	2/30.run
Atmospherical Melodies - Carnage	2/31.run
Atome - Skarla AGA	2/32.run
Audio Dreams - Chaos	2/33.run
AudiOmega - Rebels	2/34.run
Audio Rhythm 2 - Tronix	2/35.run
Audio Violation - DEFEKT	2/36.run
Audio-X - The Crusaders	2/37.run
Authentik - Skarla AGA	2/38.run
Autumn nights - Palace	2/39.run
Ankara Section Contact Intro - Bronx Intro	2/40.run
Adam McCrory Music Disk 1 - Adam McCrory	2/41.run
A-Sensation - Ramses AGA	2/42.run
Back 2 Base - Crusaders	3/1.run
Bacteria - The Crusaders	3/2.run
Bandit's Radio - Mad elks	3/3.run
Banging Raves - Intuition	3/4.run
Banging Raves 2 - Intuition	3/5.run
Bard in a box - Academy	3/6.run
Basso Continuo - Fury	3/7.run
Bass-o-matic - Crusaders	3/8.run
Batman Vuelve - Batman Group	3/9.run
Baygon - Melon Dezign AGA	3/10.run
BBS Intro - Taurus Intro	3/11.run
Beach Volley - Paradox Demo	3/12.run
Beast sonix - Scoopex	3/13.run
Beat Box - Warfalcons	3/14.run
Beatvise - Ivory	3/15.run
Bernard Sumner Music Disk 1 - Relay BernhardSumnerMD1	3/16.run
Best of RAF - Katharsis	3/17.run
Beyond Justice - Dexion	3/18.run
Beyond the future - Union AGA	3/19.run
Big business - Defjam	3/20.run
Big time sensuality - Axis AGA	3/21.run
Black Energy - Hardline	3/22.run
Black'n White Slide - Drifters,Pentagon (Amiga)	3/23.run
Blasting - Gate	3/24.run
Blue house 2 - Rebels	3/25.run
Blues House - The Silents	3/26.run
Bomb The Bass - Tuneshow 2 - The Top Boys	3/27.run
Book Of Songs - Complex	3/28.run
Boris Vallejo - Apocalypse Bay	3/29.run
Boulder Demo - Tristar Demo	3/30.run
Boundless Void - Nemol	3/31.run
Breathtaker - Virtual Dreams,Fairlight AGA	3/32.run
Breed CD1 - Nightbreed	3/33.run
Bruno's Musicbox II - Gate	3/34.run
Brunos box 3 - Anarchy	3/35.run
Bubonic Plague - Bloodsuckers	3/36.run
Burning Spear - The Dark Demon	3/37.run
Can I Play With Madness ? - Defcon One	4/1.run
Capricorn One - Cydonia	4/2.run
Captured Dreams - The Black Lotus AGA	4/3.run
Cebit'89 - Exact	4/4.run
Cebit demo 90 - Revenge of babbnaasen - Red Sector Inc.	4/5.run
Celebration - IT	4/6.run
Cerebral Delights - Goldfire	4/7.run
Checked implosion - Intryx	4/8.run
Cherokee - Manitou	4/9.run
Chip Attack - Anathema	4/10.run
Chip Music Festival - Magnetic Fields	4/11.run
Chip Music Festival - Magnetic Fields	4/12.run
Chords - Foundation	4/13.run
Chromagic - Dual Crew & Shining	4/14.run
Circle Scroller - United Forces	4/15.run
Clapping World - Subway	4/16.run
Coca Cola - Fraxion Demo	4/17.run
Coder Trash - Mexx	4/18.run
Color Crime - X-Trade	4/19.run
Colors - Devils	4/20.run
Coma - Rebels	4/21.run
Compact Music Disk 1 - Semtex	4/22.run
Compilation Disk - PowerLords	4/23.run
Concept Criminosical - Ruthless	4/24.run
Contravention - Reality	4/25.run
Control - Oxygene AGA	4/26.run
Copper master - Angels	4/27.run
Copper slave - Ram Jam	4/28.run
Crayon Shinchan - Melon Dezign	4/29.run
Crazy Sexy Cool - Essence AGA	4/30.run
Crazy Sounds II - Team-X	4/31.run
Creamy Cranium 1 - Strangers	4/32.run
Crystal Symphonies - Phenomena	4/33.run
Crystal Symphonies 2 - Phenomena	4/34.run
Cutcreations - Static bytes	4/35.run
Cyber Sounds - Bastards	4/36.run
Demo - The Code Killers G.d.r. Intro	5/1.run
Dance Diverse Vol 1 - Majic 12	5/2.run
Dance Trance I - Interactive	5/3.run
Dance Trance II - Interactive	5/4.run
D.A.N.E - Kefrens	5/5.run
Danish Know How - Flash Production	5/6.run
Darkroom - Stellar	5/7.run
Darkside - The Black Lotus AGA	5/8.run
Darktro - Darkness	5/9.run
Day of Reckoning - Digital	5/10.run
Deadly Jammin 2 - Deathstar	5/11.run
Decaying paradise - Andromeda	5/12.run
Decibel overload - Cue-X Developments	5/13.run
Deep Core - Balance	5/14.run
Deformations - Deform	5/15.run
Deja Vu - Anarchy	5/16.run
Delicate sounds - Razor 1911	5/17.run
Delirium - Fraxion	5/18.run
Delirium - Deform	5/19.run
Delirium - Fraxion	5/20.run
Demo Disk 1 - Apology	5/21.run
Demo-Disk - Quest	5/22.run
Demo Disk - Subway	5/23.run
Demon download - The Silents	5/24.run
Demons are forever - Doctor Mabuse Orgasm Crackings	5/25.run
Demon's Rage - Nerve Axis	5/26.run
Desert Dream - Kefrens	5/27.run
Despair - LSD	5/28.run
Det kniber - Rebels	5/29.run
Difficult To Cure - Analog	5/30.run
Diggy Piggys - Channel 42,The Silents	5/31.run
Digital Complexity - Crass	5/32.run
Digital concert 1 - Flash Production	5/33.run
Digital concert 2 - Flash Production	5/34.run
Digital concert 3 - Flash Production	5/35.run
Digital concert 4 - Flash Production	5/36.run
Digital Concert 5 - Flash Production	5/37.run
Digital concert 6 - Flash Production	5/38.run
Digital innovation - Anarchy	5/39.run
Digital Music Art - Wildfire	5/40.run
Digital Noises - Ram Jam	5/41.run
Digital sounds vol 1 - The Warfalcons	5/42.run
Dirt - Mystic AGA	5/43.run
Disco Fever - Ipec Elite	5/44.run
Divine Inspiration - Goldfire	5/45.run
Dizzy Tunes 1 - Noiseless,The Silents	5/46.run
Dizzy Tunes 2 - Spaceballs,noiseless	5/47.run
Don Martin - Hypnosis	5/48.run
Don't Panic - LSD	5/49.run
D.O.S - Andromeda	5/50.run
Do the Bartman - Freehand	5/51.run
Double Intro Part1 - Vega Intro	5/52.run
Dragon Lord - Alfaforce	5/53.run
Dream Trippin' - Digital	5/54.run
Drums & Reverbs - Chryseis	5/55.run
Dynamo - Orion	5/56.run
Dyspepsia - Analogy	5/57.run
Eargasm Tunes - The Silents	6/1.run
Earwig - Infect	6/2.run
E.C.E.S. slideshow - Rebels AGA	6/3.run
Ecliptica - TRSI	6/4.run
Electric Sound 3 - The Goonies 2041	6/5.run
Electrons At Work - The Electronic Knights	6/6.run
Elysium - Sanity	6/7.run
Emptyhead - Rednex AGA	6/8.run
End of maloy - The Silents	6/9.run
End Of The Misery - Sagazity	6/10.run
Enigma - Phenomena	6/11.run
Enjoy the Silents - The Silents	6/12.run
Epilepsia - Amnesia	6/13.run
Epilepsia 2 - Amnesia	6/14.run
Erazorhead - Razor 1911	6/15.run
Essential Beats Volume 3 - Quote	6/16.run
Essential Classics - Nova	6/17.run
Estprobal Mastic - Imagine	6/18.run
Exage 1 - Burning Independence	6/19.run
Experiment - Ram Jam	6/20.run
Explorer - Delight AGA	6/21.run
Expressions - Timecircle	6/22.run
Extemporized - Digital	6/23.run
Extension - Pygmy projects	6/24.run
Face another day - Razor 1911	7/1.run
Faktory - Virtual Dreams,Fairlight AGA	7/2.run
Falling Up - Analog	7/3.run
Fantastic Dream - Saints	7/4.run
Fantastic Pix 1 - Venom	7/5.run
Faster Than Hell - World Federation of Mad Hackers	7/6.run
Finlandia - Dual Crew,Complex	7/7.run
First demo - Exact Demo	7/8.run
Flower Power - Anarchy	7/9.run
Follow Me - Red Sector Inc.	7/10.run
Fool's gold - Sanity	7/11.run
Forgotten - Mirage	7/12.run
Fractal Tunes - Midnightsun	7/13.run
Friday at Eight - Polka brothers AGA	7/14.run
Fullmoon - Virtual Dreams,Fairlight AGA	7/15.run
Future Synthetix - Anthrox	7/16.run
Gate To Hell - Technology	8/1.run
Gathering 91 - Byterapers,Scoopex	8/2.run
Gathering 1993 Partyslides - Majic 12	8/3.run
Gen4 Demo - Dragons Demo	8/4.run
Gevalia - Polka brothers AGA	8/5.run
Gigademo 3 - Triangle,The Gang Demo3	8/6.run
Gladiator music - Cryptoburners	8/7.run
Global Trash - The Silents	8/8.run
Gloom Party Invitation - Gloom	8/9.run
Glow - The Black Lotus AGA	8/10.run
Goa - The Black Lotus AGA	8/11.run
Grapevine Megamix - LSD	8/12.run
Great Bytes In Fire - Cyberiad	8/13.run
Greatest Hits - Cult	8/14.run
Groovy! - Lemon.	8/15.run
Groovy Jives #3 - Relay	8/16.run
Guardian Dragon - Kefrens	8/17.run
Guardian Dragon 2 - Kefrens	8/18.run
Hinch Demo - Decay Demo	9/1.run
Hail the Engineer - Jetset	9/2.run
Hallucinations and dreams - preview - Katharsis	9/3.run
Hallucinations and Dreams - Union	9/4.run
Hammer - Amaze	9/5.run
Hardcore - Anarchy	9/6.run
Hardwired - Crionics,The Silents	9/7.run
Harmagedon - Infect AGA	9/8.run
Here we are - Awake	9/9.run
Hexadecimal perfection - Action Direct	9/10.run
Highway 1930 - Fraxion	9/11.run
His Master's Noise - Mahoney & Kaktus	9/12.run
Hit Collection 1 - Commando	9/13.run
Hit Fido - Kgb	9/14.run
Hit the Road - Flash Production	9/15.run
Hollywood Poker Slide - The Light Circle	9/16.run
Honeycomb - Tristar & Red Sector Inc.	9/17.run
Hot Music 1 - Ram Jam	9/18.run
Hot Music 3 - Ram Jam	9/19.run
Hot Music 4 - Ram Jam	9/20.run
House Music - Vision	9/21.run
How To Skin A Cat - Melon Dezign	9/22.run
Human Target - Melon Dezign	9/23.run
Hymn 633 - Damage	9/24.run
Hymns From The Bible 3 - Arcane	9/25.run
Hoi Saga Demo I - Planet Groove - Team hoi AGA	9/26.run
Ice - The Silents	10/1.run
Ilex - Mystic AGA	10/2.run
Ilyad - Alcatraz AGA	10/3.run
Impulse 2 - Tilt,Old Bulls	10/4.run
Infinite Dreams - Lunatics	10/5.run
In Full Affect - WildFire Crew	10/6.run
InnerShip - Pussy	10/7.run
Inner-Vision - Dreamdealers	10/8.run
Inspiration is gone - Kefrens	10/9.run
Inspiration is none - Anarchy	10/10.run
Interference - Sanity	10/11.run
Interspace - Phenomena	10/12.run
In the kitchen - Anarchy	10/13.run
Intro? Dentro? Mentro? Demo? - The Silents Demo	10/14.run
Iraq - Animators	10/15.run
Iraq - Animators Demo	10/16.run
Iso - Scoopex AGA	10/17.run
It's Just the Beginning - Paragon (Amiga)	10/18.run
I've got the power - Alcatraz	10/19.run
Jehova goes Hitech - Voice	11/1.run
Jesterday - Sanity	11/2.run
Jesus on E's - LSD ES	11/3.run
Jesus was a demomaker - Ramses AGA	11/4.run
Jiggle It - Palace IT	11/5.run
Jochen Hippel Sound Demo - Axis Demo	11/6.run
Joyride - Phenomena	11/7.run
Juggler - Eric Graham	11/8.run
Jukebox - Kefrens	11/9.run
Jungle Mania - The Jungle Command	11/10.run
Just For Your Ears - Brainwave	11/11.run
Kakburk - Strangers	12/1.run
Kaos Theory - Pendle Europa	12/2.run
Kefmania - Cult	12/3.run
Kerygma - Wizzcat	12/4.run
Kiwi Crap - Reality	12/5.run
Krest Mass Leftovers - Anarchy	12/6.run
Kuglepølen - Static bytes	12/7.run
Legalise It... - Anarchy IT	13/1.run
Legalize It 2 - Anarchy	13/2.run
Legoland - Desire	13/3.run
Lethal Exit - Digital	13/4.run
Linus - Palace	13/5.run
Lithium - Awesome	13/6.run
Loony Tunes #1 - Divine	13/7.run
Lost World - Balance	13/8.run
Love & Anarchy - Carillon	13/9.run
Love - Virtual Dreams,Fairlight AGA	13/10.run
Love songs - Crime Devils	13/11.run
Megademo 4 - Devil's Key - Alcatraz	14/1.run
Madness - Anarchy	14/2.run
Madness 2 - The Search for Sanity - Anarchy	14/3.run
Maestro Jams vol.1 - Kefrens	14/4.run
Magnetic Dreams - Digital	14/5.run
Magnum Icetro - Depth	14/6.run
Makaveli - Essence AGA	14/7.run
Manic Raves II - Logic Systems	14/8.run
Marchewki - Alchemy	14/9.run
Masterpieces - Kefrens	14/10.run
Materialized - Cryptoburners	14/11.run
Maximum Overdrive 2 - Rage AGA	14/12.run
Maximum velocity - The Silents	14/13.run
Mean Break Machine 2 - Tetragon	14/14.run
Megablast - Rebels	14/15.run
Megademo - Pseudoplast	14/16.run
Megademo 2 - Disorder	14/17.run
Megademo 2 - Alcatraz	14/18.run
Megademo 2 - Bass	14/19.run
Megademo 2 - Bronx	14/20.run
Megademo 2 - Budbrain	14/21.run
Megademo 2 - Darkness	14/22.run
Megademo 1 - Dexion	14/23.run
Megademo 2 - Megaforce	14/24.run
Megademo 2 - Northstar	14/25.run
Megademo 2 - Rebels	14/26.run
Megademo 2 - Scoopex	14/27.run
Megademo 2 - Vision	14/28.run
Megademo 2 - Vortex 42	14/29.run
Megademo 3 - Alcatraz	14/30.run
Megademo 4 - Vision	14/31.run
Megademo 6 - Kefrens	14/32.run
Megademo 7 - Kefrens	14/33.run
Megademo 8 - Kefrens	14/34.run
Megademo - Acme (Amiga)	14/35.run
Megademo - Alcatraz	14/36.run
Megademo - Avenger	14/37.run
Megademo - Bass	14/38.run
Megademo - Beastie Boys	14/39.run
Megademo - Cult	14/40.run
Megademo - Darkness	14/41.run
Megademo - Deathstar	14/42.run
Megademo - Dexion	14/43.run
Megademo - Digitech	14/44.run
Megademo - Dragons	14/45.run
Megademo - Electronic Artists	14/46.run
Megademo - Excellence	14/47.run
Megademo - Freedom Force	14/48.run
Megademo - Goldfire	14/49.run
Megademo - Humanoids	14/50.run
Megademo - Intuition	14/51.run
Megademo - IT IT	14/52.run
Megademo - Joy	14/53.run
Megademo One - Katharsis	14/54.run
Megademo - Mad monks	14/55.run
Megademo one - Manowar	14/56.run
Megademo - Megaforce	14/57.run
Megademo - Northstar	14/58.run
Megademo - Phenomena	14/59.run
Megademo - Possessed	14/60.run
Megademo - Powerslaves	14/61.run
Megademo - Precise	14/62.run
Megademo - Predators	14/63.run
Megademo - Red Sector Inc.	14/64.run
Megademo - Royal Amiga Force	14/65.run
Megademo - Scoopex	14/66.run
Megademo - Software Of Sweden	14/67.run
Megademo - Static bytes	14/68.run
Megademo - The link	14/69.run
Megademo - United Forces	14/70.run
Megademo - Vermin	14/71.run
Megademo - Vision	14/72.run
Megademo - Vortex 42	14/73.run
Megademo - Zeus	14/74.run
Megamix 1 - Royal Amiga Force	14/75.run
Megamix 2 - The Pumpin' Track - Royal Amiga Force	14/76.run
Megamix 3 - Royal Amiga Force	14/77.run
Memorial Songs - Alcatraz	14/78.run
Mental Hangover - Scoopex	14/79.run
Merry Melodies - Relay	14/80.run
Mesmerized - Pure Metal Coders	14/81.run
Metal - Bundies	14/82.run
Metal Melissa The Pisser - Animators	14/83.run
Metamorphosis - Brainstorm	14/84.run
Miami Vice Theme - Swiss Cracking Association	14/85.run
Mi-Cro Con-Cept - The Crusaders	14/86.run
Mina Omistan - Movement AGA	14/87.run
Mindriot - Andromeda	14/88.run
Mini Megademo - Doom	14/89.run
Mini Soundbox I - Shadow Light,Level 4	14/90.run
Mini Soundbox II - Shadow Light,Level 4	14/91.run
Mini Soundbox III - Shadow Light,Level 4	14/92.run
Minor Defects - Grace	14/93.run
Miracle Sounds - Miracle	14/94.run
Mirror - Andromeda	14/95.run
Misery Dentro 2 - Masque,Tristar & Red Sector Inc.	14/96.run
Mixolydian - End of Century 1999	14/97.run
Mobile Destination Unknown - Spaceballs	14/98.run
Moin Jungs - Doctor Mabuse Orgasm Crackings	14/99.run
Monoxide - Vanish	14/100.run
Morbid Visions - Cyberiad	14/101.run
Morbid Visions II - Carillon & Cyberiad	14/102.run
Morbid visions 3 - Carillon & Cyberiad,Complex	14/103.run
More than music - Alcatraz	14/104.run
Motion (origin 2) - Bomb AGA	14/105.run
Mr. Monkey - Rebels AGA	14/106.run
Multica - Andromeda	14/107.run
Multi Demo - Amaze	14/108.run
Multi Megamix - Kefrens	14/109.run
Multi Megamix 2 - Kefrens	14/110.run
Multi Megamix 3 - Kefrens	14/111.run
Musabox #2 - Falcons	14/112.run
Musabox #2 - Falcons	14/113.run
Museum - Alcatraz	14/114.run
Musical Rabbit - Carillon & Cyberiad	14/115.run
Musical Secrets - Zite	14/116.run
Musication Vol.1 - Absolute!	14/117.run
Musicbox 3 - Gate	14/118.run
Music Box - Copyride	14/119.run
Musicbox - Exodus	14/120.run
Music Collection - Katharsis	14/121.run
Music Collection 4 - Level 4	14/122.run
Music Collection - Exocet	14/123.run
Music Compacting 2 - Alpha Flight 1970,Zylon	14/124.run
Music Compilation - Random Access	14/125.run
Music Demo - Deform	14/126.run
Musicdisk 1 - Royal Amiga Force	14/127.run
Music Disk 1 - The 81st Track	14/128.run
Musicdisk 1 - Alcatraz	14/129.run
Music Disk - Bass	14/130.run
Music-Disk 1 - D-Mob	14/131.run
Musicdisk #1 - The Fantasy Force	14/132.run
MusicDisk #1 - IKS	14/133.run
Music Disk - Ipec Elite	14/134.run
Musicdisk 1 - Mahoney & Kaktus	14/135.run
Music Disk 1 - Prologic	14/136.run
Musicdisk 1 - Vega	14/137.run
Musicdisk 2 - Fantasy Force	14/138.run
Music Disk 2 - The 81st Track	14/139.run
Musicdisk 2 - Darkness	14/140.run
Music Madness 2 - Ipec Elite	14/141.run
MusicDisk #2 - IKS	14/142.run
Musicdisk 2 - Vega	14/143.run
Mega Musicdisk III - D-Mob	14/144.run
Musicdisk IV - D-Mob	14/145.run
Musicdisk 4 - Vega	14/146.run
Music Disk 6 - Ram Jam	14/147.run
Musicdisk - Action Force	14/148.run
Musicdisk - Orix,aspect	14/149.run
MusicDisk - Cryptic	14/150.run
Music Disk - Dexion	14/151.run
Music Disk - Dreamscape	14/152.run
Musicdisk - Escape	14/153.run
Musicdisk - Inzzest	14/154.run
Music pack 1 - Thrust	14/155.run
Music Dream 1 - Phenomena	14/156.run
Music Dream 2 - Phenomena	14/157.run
Music for fools - Ghost	14/158.run
Musicland - Brainstorm	14/159.run
Musicland 2 - Brainstorm	14/160.run
Music Madness - Ipec Elite	14/161.run
Music Madness 2 - Ipec Elite	14/162.run
Music Megademo 2 - Ghostbusters Demo2	14/163.run
Music party 1990 - Cryptoburners	14/164.run
Music Rip #2 - Silicon League	14/165.run
Music Rip3 - Spreadpoint	14/166.run
Music With a Message - Magnetic Fields	14/167.run
Muzak compacting 1 - Alpha Flight 1970,Mindwarp	14/168.run
Muzaks Disk 1 - Securitate	14/169.run
Muzzax 1 - Byterapers	14/170.run
Muzzax 2 - Byterapers	14/171.run
Muzzax 3 - Byterapers	14/172.run
Muzzax 4 - Byterapers	14/173.run
Muzzax 5 - Byterapers	14/174.run
Muzzax 6 - Byterapers	14/175.run
Muzzax 7 - Byterapers	14/176.run
My Room - Fairlight	14/177.run
Megademo - Mirage	14/178.run
Megademo - Budbrain	14/179.run
Negative FX - Reality	15/1.run
Neural Assault - Rage	15/2.run
New age - Ram Jam	15/3.run
Nexus-7 - Andromeda AGA	15/4.run
Nightshade's Harmony - Ecstasy	15/5.run
No Brain - No Pain! (megademo) - Flash Production	15/6.run
No Brain - No Pain! (megademo) - Flash Production	15/7.run
No Brain No Pain - Paradise	15/8.run
Non Stop Music - Jungle Command	15/9.run
Nonterraqueous - Alarm	15/10.run
Nop - Muffbusters AGA	15/11.run
Not AGAin! - S.C.A.L.A. AGA	15/12.run
No Tech - Bass	15/13.run
Nugget - The Black Lotus	15/14.run
Numb - Movement AGA	15/15.run
NUMERIC - Profecy	15/16.run
NUMERIC 2 - Profecy	15/17.run
NUMERIC 3 - Profecy	15/18.run
Official Commodore France A1200 demo - Digital AGA Demo	16/1.run
Our definition of a boombastic demo style - Rebels	16/2.run
Oasis - Stellar	16/3.run
Oblique Infinity - Goldfire	16/4.run
Obvious Disaster - Phenomena	16/5.run
Odeon - Solution	16/6.run
Ode To Ramon - Digital Force	16/7.run
Ode to Ramon 2 - The Digital Force	16/8.run
Odysounds 2 - Odyssey	16/9.run
Odyssey - Alcatraz	16/10.run
Old Tunes - Chrome	16/11.run
One Day On Mars - Exile	16/12.run
One Stone -Sport Aid- - Quest	16/13.run
Optical Dreams - Addict	16/14.run
Orgasm - Old Bulls	16/15.run
Origin - Complex AGA	16/16.run
Ottifanten - Thrust	16/17.run
Ottifanten 2 - Thrust	16/18.run
Overdose - Delight	16/19.run
Overload - Jetset	16/20.run
Overload 2 - Skid Row,Jetset	16/21.run
Plays 2 unlimited - Scoopex	17/1.run
Party demo - Mute 101	17/2.run
Pack van pee #1 - Jetset	17/3.run
Pack van pee #3 - Jetset	17/4.run
Panic - Voices of Energy - Alcatraz	17/5.run
Paralytic noises - Inzzest	17/6.run
Pastel Vanilla - Nova	17/7.run
Peace in the Gulf - Animators	17/8.run
Pee Wee - Complex AGA	17/9.run
Picture Book - Axis AGA	17/10.run
Pixeled Pleasures - Them	17/11.run
Pixel Nation - Defjam	17/12.run
Planet M. - Melon Dezign AGA	17/13.run
Plastic Passion - UPFRONT	17/14.run
Playbyte Commercial - Shining	17/15.run
Point blank - Andromeda	17/16.run
Power and Agony - Trackers	17/17.run
Powertrax - The Light Circle	17/18.run
Prism - Melon Dezign	17/19.run
Project Beat - Crusaders	17/20.run
Project Techno - Quartz	17/21.run
Pro S.I.A.K. - Flying Cows Inc.	17/22.run
Psychedelic - Virtual Dreams,Fairlight AGA	17/23.run
Psychic - Effect	17/24.run
Psygnosis Musical Picture Disc #1 - Psygnosis & S.R.S PsygnosisMusicPictureDis	17/25.run
Psygnosis Musical Picture Disc #1 - Psygnosis & S.R.S PsygnosisMusicPictureDi0	17/26.run
Public Attack - Cult	17/27.run
Puggs in Space - Dionysus	17/28.run
Purple - Warfalcons	17/29.run
P.o.n.d (sploosh 1.5) - Anthrox	17/30.run
QED - Talent	18/1.run
QED 2 - Talent AGA	18/2.run
Que - The Black Lotus AGA	18/3.run
Quick Musique - Oxygen	18/4.run
Rainheart Project - BAD COMPANY	19/1.run
Rampage - The Electronic Knights	19/2.run
Rap is Crap - Taipan	19/3.run
Raverance - Cyclone	19/4.run
Ray of Hope - Majic 12	19/5.run
Ray of hope 2 - Majic 12	19/6.run
Raytraced Dreams - Old Bulls	19/7.run
Real - Complex AGA	19/8.run
Real Empathy - Virtual	19/9.run
Reflex - Liquid	19/10.run
Revenge - Fraxion	19/11.run
Revolutions - Amaze	19/12.run
Rhythm Device - Energy	19/13.run
Rhythm Nation - The Lost Boys	19/14.run
Rink A Dink - Lemon.	19/15.run
Rink a Dink: REDUX - Lemon.	19/16.run
Rock Box 1 - Avoid	19/17.run
RockBox2 - Avoid	19/18.run
Rolling - Omega Machine Designers,Ringard	19/19.run
Roots v2.0 - Sanity AGA	19/20.run
Roots - Sanity AGA	19/21.run
Roswell - NFA AGA	19/22.run
Route 66 - D-Mob	19/23.run
Rubbish - Amega Industries	19/24.run
Sounddisk 2 -The Best of Grubi- - Brainstorm	20/1.run
Scoopex Melodies - Scoopex	20/2.run
S - Skarla AGA	20/3.run
Sane Sound - Academy	20/4.run
ScrewBalls - Phenomena	20/5.run
SCR Musax 2 - Scrapers	20/6.run
Seduction - Complex AGA	20/7.run
Seeing is believing - Anarchy	20/8.run
Semi93 invitation - Manitou	20/9.run
Sensenmann - United Forces	20/10.run
Sequential - Andromeda	20/11.run
Seven seas - Andromeda	20/12.run
Seven Sins - Scoopex	20/13.run
Sexvens - Morelove	20/14.run
ShadowFire - Exact	20/15.run
Shaft7 - Bomb AGA	20/16.run
Shakka Lakka - Digital AGA	20/17.run
Shed Tears - Ozone	20/18.run
Sigh - Old Bulls	20/19.run
Silicon Graphics 2 - World Federation of Mad Hackers AGA	20/20.run
Simpsons Demo - Decay	20/21.run
S - Skarla S	20/22.run
Smau 92 Music Disk - Nightfall	20/23.run
Snap! - Rebels	20/24.run
Soft Movie - Genocide	20/25.run
Software - World Federation of Mad Hackers	20/26.run
Songs of Infinity - Pointless	20/27.run
Songs rack - Ram Jam AGA	20/28.run
Sonical Fantasia - Equinox	20/29.run
Sonic Attack - Dual Crew & Shining	20/30.run
Smell Of Shit (S.O.S) - Melon Dezign	20/31.run
Soulkitchen - The Silents AGA	20/32.run
Sound and Vision - Rebels	20/33.run
Sound Atax Vol. 1 - Magnetic Fields	20/34.run
Sound Atax Vol. 2 - Magnetic Fields	20/35.run
Sound Atax Vol. 3 - Magnetic Fields	20/36.run
Sound Barrier - Balance	20/37.run
Soundbox 2 - Alpha Flight 1970,Genesis (Alpha Flight)	20/38.run
Sound De Light - Software Of Sweden	20/39.run
Sounddemo - Syndicate	20/40.run
Sound Disk - Zenith	20/41.run
Sound Disk 1 - Mygon	20/42.run
Sound Disk 2 - Mygon	20/43.run
Sounddisk - Possessed	20/44.run
Sound engine - Absence	20/45.run
Sound Engine 2 - Absence	20/46.run
Sound Erection - Shining 8	20/47.run
Sound Highlights 1 - Timex	20/48.run
Sound Mania 2 - Pussy	20/49.run
Sound of Music 7 - Cave	20/50.run
Sound of Silents - The Silents	20/51.run
Soundquest 1 - Quest	20/52.run
Sound Quest #2 - Quest	20/53.run
Soundrevolution 6 - Celtic	20/54.run
Sounds of Gnome - Mahoney & Kaktus,Northstar	20/55.run
Soundtracker Injury 2 - Electronic Artists	20/56.run
Soundtracker Injury 3 - Electronic Artists	20/57.run
Soundtrip - Shadows	20/58.run
Sound Vision - Reflect	20/59.run
Sozzled somersault - The Silents	20/60.run
Spaced Out Vol. 1 - Magnetic Fields	20/61.run
Spaced Out Vol. 2 - Magnetic Fields	20/62.run
Spaceship - Doctor Mabuse Orgasm Crackings	20/63.run
Spasmolytic - Spaceballs	20/64.run
Spellcheck - Andromeda	20/65.run
Sploosh - Anthrox	20/66.run
Spring Melodies - Anarchy	20/67.run
Stag 1 - BNK-Team	20/68.run
Stag 2 - The BNK Team	20/69.run
Stag 3 - BNK-Team	20/70.run
Stag 4 - BNK-Team	20/71.run
Stag 5 - BNK-Team	20/72.run
Stag 6 - BNK-Team	20/73.run
Stag EXTRA - BNK-Team	20/74.run
Stag 1 - BNK-Team	20/75.run
Stateline - Complex	20/76.run
State of the Art - Spaceballs	20/77.run
Static Chaos - The Silents	20/78.run
Status quo - Mad elks Fast	20/79.run
Status quo - Mad elks	20/80.run
Stereo Sounds - Eon	20/81.run
Steve Vizard Demo - Decay	20/82.run
Stop Fascism - Alcatraz,Interactive	20/83.run
Strange Dream #1 - Willow (Amiga)	20/84.run
Strange Music 2 - Strange	20/85.run
Strange Music 3 - Strange	20/86.run
Subliminal Vision - Bass	20/87.run
Substance - Quartex,Alliance design	20/88.run
Subtle shades - Nuance	20/89.run
Sumea - Virtual Dreams,Fairlight AGA	20/90.run
Sun - TRSI AGA	20/91.run
Sunset glow - Thrust	20/92.run
Sweet music - Crusaders	20/93.run
Sweet Revenge - Decay	20/94.run
Sweltering Forest - Apocalypse Bay	20/95.run
Switchback - Rebels AGA	20/96.run
Synthesis - Underground	20/97.run
Synthesis - Network AGA	20/98.run
Synthetic Power - Cave	20/99.run
Synthetic Vibes - Quartz	20/100.run
System violation - Anarchy	20/101.run
The 100 most remembered c64 game tunes - Sundell & Birk	21/1.run
The Amplifier 2 - Dimension4	21/2.run
The Animatunes - New Generation Crew AGA	21/3.run
The Audience is Listening - Taipan	21/4.run
The Beginning - Byterapers	21/5.run
The Best of Pearl - Byte Busters	21/6.run
The B.I.G. Demo - Mr. Styckx Demo	21/7.run
The Breath Of The Muse - Chryseis,Poseidon AGA	21/8.run
The Complete - Talent	21/9.run
The Dog's Cogs - Nerve Axis AGA	21/10.run
The drunk desert demo - Paradox Demo	21/11.run
The Engine - Ramses AGA	21/12.run
The triple breasted whore of eroticon 6 - Leeds Spreading Division	21/13.run
The Fantastic Art Of Tobias Richter - Crusaders	21/14.run
The Hunt for 7th October - Cryptoburners	21/15.run
The Last Sun - Ackerlight	21/16.run
The enemies musics III - The Enemies	21/17.run
The Musique Disk - Accession	21/18.run
The Party II Slideshow - Decnite	21/19.run
The pink circle - Arcane	21/20.run
The Prey - Polka brothers AGA	21/21.run
The Punisher - Digital	21/22.run
Thalion Sound demo - Thalion Demo	21/23.run
Tuneshow IV (Spherical Dreams) - The Acoustic Revolution	21/24.run
TAG - Jetset,Skid Row AGA	21/25.run
Taylor Dayne: Tell It To My Heart - Algotech Software	21/26.run
The Long Dark Teatime Of The Soul - Leeds Spreading Division	21/27.run
Technological Death - Mad elks	21/28.run
Technomania - Shining 8	21/29.run
Technomania 2 - Shining 8	21/30.run
Techno Trance - Bastards	21/31.run
Techno Trance 3 - Bastards	21/32.run
Techno Warrior - LSD	21/33.run
TechTech - Sodan,Magician 42	21/34.run
Tekkno Bert -The Final Collapse- - Wildfire	21/35.run
Tera Tunes - Alpha Flight	21/36.run
Tera Tunes II - Team-X	21/37.run
Terminal fuckup - Sanity	21/38.run
The Terminator - Status OK	21/39.run
Testament - Katharsis	21/40.run
Third dimension - Cryptoburners	21/41.run
Thug Life - Essence AGA	21/42.run
Tint - The Black Lotus AGA	21/43.run
Titan Trax 1 - Titanics	21/44.run
Top Karaoke Vol.1 - Saturne	21/45.run
Top Karaoke Vol.2 - Saturne AGA	21/46.run
Top Karaoke Vol.3 - Capitaine Flam- - Saturne AGA	21/47.run
Total Kaos - LSD	21/48.run
Toxic Ziemniak - Alchemy	21/49.run
Tragic magic - Rebels	21/50.run
Trash - Digital	21/51.run
Trashcan - Wizzcat	21/52.run
Tropical sunset - The Silents	21/53.run
Tune Disk 1 - Concept	21/54.run
Tuneshow II - Prophets AG,The Acoustic Revolution	21/55.run
Tuneshow III - The Acoustic Revolution	21/56.run
Turmoil - Sanity	21/57.run
Turrican Musicdisk - Andromeda	21/58.run
Turrican Music-Show - Spreadpoint	21/59.run
Twisted - Polka brothers AGA	21/60.run
Tympanic Membrane - Panacea	21/61.run
The Ultimate Gameboy Simulator - Tetris - Symbiosis	21/62.run
The Wall - Kefrens	21/63.run
The Wall (Pink Floyd) - Split	21/64.run
The White Room - Genesis (AFL)	21/65.run
Ufonix - Enigma (UK)	22/1.run
Universal Intensity - Complex	22/2.run
Unleashed - Insane	22/3.run
Vaginal Massacre - U.d.o.	23/1.run
Vector balls - Hypnosis	23/2.run
Vector-Balls Demo - TomSoft Demo	23/3.run
Vector - Dual Crew Demo	23/4.run
Vectordance - Cult	23/5.run
Vectordance 2 - Cult	23/6.run
Vector All Times - Tristan Lorach	23/7.run
Vector Exterminator - Shining	23/8.run
Viktoria - TRSI	23/9.run
Virtual Harmony - Impact DK	23/10.run
Virtual World - TomSoft	23/11.run
Voyage - Fantasy Force	23/12.run
Voyage - Razor 1911	23/13.run
Walkman & Othon Musicdisk - Armada,IT IT	24/1.run
Walkman Music - IT	24/2.run
Water proof - Rebels	24/3.run
Water proof - Rebels Fixed	24/4.run
Wave Sound - Appendix	24/5.run
Wayfarer - Spaceballs	24/6.run
We Will Smash You - TRSI	24/7.run
When we ride on our enemies - Skarla AGA	24/8.run
Wibbly Wobbly - Magnetic Fields	24/9.run
Wicked Sensation - Tristar & Red Sector Inc.	24/10.run
Wild - Anadune,Nah-Kolor AGA	24/11.run
Wind It Up MegaMix 93 - Xymox Project	24/12.run
With Vectors To Heaven - World Federation of Mad Hackers	24/13.run
Wit Premium - Freezers AGA	24/14.run
World of Commodore - Sanity	24/15.run
World of Commodore - Sanity	24/16.run
World Of Manga - Comax AGA	24/17.run
World Of Noise #1 - Digitech,Italian bad boys,knight hawks	24/18.run
World's Wave - Subway	24/19.run
World's wave II - Subway,Dream Team	24/20.run
World's wave III - Subway,Dream Team	24/21.run
World's wave IV - Subway	24/22.run
XS Excess - Reflex (Amiga)	25/1.run
Xenon 2 Music Rip - Red Sector Inc.	25/2.run
Xpose - The Silents	25/3.run
Zillion Dreams - Reflex	26/1.run