Megademo 4 - Devil's Key - Alcatraz
Madness - Anarchy
Madness 2 - The Search for Sanity - Anarchy
Maestro Jams vol.1 - Kefrens
Magnetic Dreams - Digital
Magnum Icetro - Depth
Makaveli - Essence AGA
Manic Raves II - Logic Systems
Marchewki - Alchemy
Masterpieces - Kefrens
Materialized - Cryptoburners
Maximum Overdrive 2 - Rage AGA
Maximum velocity - The Silents
Mean Break Machine 2 - Tetragon
Megablast - Rebels
Megademo - Pseudoplast
Megademo 2 - Disorder
Megademo 2 - Alcatraz
Megademo 2 - Bass
Megademo 2 - Bronx
Megademo 2 - Budbrain
Megademo 2 - Darkness
Megademo 1 - Dexion
Megademo 2 - Megaforce
Megademo 2 - Northstar
Megademo 2 - Rebels
Megademo 2 - Scoopex
Megademo 2 - Vision
Megademo 2 - Vortex 42
Megademo 3 - Alcatraz
Megademo 4 - Vision
Megademo 6 - Kefrens
Megademo 7 - Kefrens
Megademo 8 - Kefrens
Megademo - Acme (Amiga)
Megademo - Alcatraz
Megademo - Avenger
Megademo - Bass
Megademo - Beastie Boys
Megademo - Cult
Megademo - Darkness
Megademo - Deathstar
Megademo - Dexion
Megademo - Digitech
Megademo - Dragons
Megademo - Electronic Artists
Megademo - Excellence
Megademo - Freedom Force
Megademo - Goldfire
Megademo - Humanoids
Megademo - Intuition
Megademo - IT IT
Megademo - Joy
Megademo One - Katharsis
Megademo - Mad monks
Megademo one - Manowar
Megademo - Megaforce
Megademo - Northstar
Megademo - Phenomena
Megademo - Possessed
Megademo - Powerslaves
Megademo - Precise
Megademo - Predators
Megademo - Red Sector Inc.
Megademo - Royal Amiga Force
Megademo - Scoopex
Megademo - Software Of Sweden
Megademo - Static bytes
Megademo - The link
Megademo - United Forces
Megademo - Vermin
Megademo - Vision
Megademo - Vortex 42
Megademo - Zeus
Megamix 1 - Royal Amiga Force
Megamix 2 - The Pumpin' Track - Royal Amiga Force
Megamix 3 - Royal Amiga Force
Memorial Songs - Alcatraz
Mental Hangover - Scoopex
Merry Melodies - Relay
Mesmerized - Pure Metal Coders
Metal - Bundies
Metal Melissa The Pisser - Animators
Metamorphosis - Brainstorm
Miami Vice Theme - Swiss Cracking Association
Mi-Cro Con-Cept - The Crusaders
Mina Omistan - Movement AGA
Mindriot - Andromeda
Mini Megademo - Doom
Mini Soundbox I - Shadow Light,Level 4
Mini Soundbox II - Shadow Light,Level 4
Mini Soundbox III - Shadow Light,Level 4
Minor Defects - Grace
Miracle Sounds - Miracle
Mirror - Andromeda
Misery Dentro 2 - Masque,Tristar & Red Sector Inc.
Mixolydian - End of Century 1999
Mobile Destination Unknown - Spaceballs
Moin Jungs - Doctor Mabuse Orgasm Crackings
Monoxide - Vanish
Morbid Visions - Cyberiad
Morbid Visions II - Carillon & Cyberiad
Morbid visions 3 - Carillon & Cyberiad,Complex
More than music - Alcatraz
Motion (origin 2) - Bomb AGA
Mr. Monkey - Rebels AGA
Multica - Andromeda
Multi Demo - Amaze
Multi Megamix - Kefrens
Multi Megamix 2 - Kefrens
Multi Megamix 3 - Kefrens
Musabox #2 - Falcons
Musabox #2 - Falcons
Museum - Alcatraz
Musical Rabbit - Carillon & Cyberiad
Musical Secrets - Zite
Musication Vol.1 - Absolute!
Musicbox 3 - Gate
Music Box - Copyride
Musicbox - Exodus
Music Collection - Katharsis
Music Collection 4 - Level 4
Music Collection - Exocet
Music Compacting 2 - Alpha Flight 1970,Zylon
Music Compilation - Random Access
Music Demo - Deform
Musicdisk 1 - Royal Amiga Force
Music Disk 1 - The 81st Track
Musicdisk 1 - Alcatraz
Music Disk - Bass
Music-Disk 1 - D-Mob
Musicdisk #1 - The Fantasy Force
MusicDisk #1 - IKS
Music Disk - Ipec Elite
Musicdisk 1 - Mahoney & Kaktus
Music Disk 1 - Prologic
Musicdisk 1 - Vega
Musicdisk 2 - Fantasy Force
Music Disk 2 - The 81st Track
Musicdisk 2 - Darkness
Music Madness 2 - Ipec Elite
MusicDisk #2 - IKS
Musicdisk 2 - Vega
Mega Musicdisk III - D-Mob
Musicdisk IV - D-Mob
Musicdisk 4 - Vega
Music Disk 6 - Ram Jam
Musicdisk - Action Force
Musicdisk - Orix,aspect
MusicDisk - Cryptic
Music Disk - Dexion
Music Disk - Dreamscape
Musicdisk - Escape
Musicdisk - Inzzest
Music pack 1 - Thrust
Music Dream 1 - Phenomena
Music Dream 2 - Phenomena
Music for fools - Ghost
Musicland - Brainstorm
Musicland 2 - Brainstorm
Music Madness - Ipec Elite
Music Madness 2 - Ipec Elite
Music Megademo 2 - Ghostbusters Demo2
Music party 1990 - Cryptoburners
Music Rip #2 - Silicon League
Music Rip3 - Spreadpoint
Music With a Message - Magnetic Fields
Muzak compacting 1 - Alpha Flight 1970,Mindwarp
Muzaks Disk 1 - Securitate
Muzzax 1 - Byterapers
Muzzax 2 - Byterapers
Muzzax 3 - Byterapers
Muzzax 4 - Byterapers
Muzzax 5 - Byterapers
Muzzax 6 - Byterapers
Muzzax 7 - Byterapers
My Room - Fairlight
Megademo - Mirage
Megademo - Budbrain