Antediluvian Sloppy Spectacle - Essence	A/Antediluvian Sloppy Specta	A-Demos:A/A.S.S/A.S.S.slave
Absence of Light - Animators	A/Absence of Light - Animato	A-Demos:A/AbsenceOfLight/AbsenceOfLight.Slave
Absolute Inebriation - Virtual Dreams,Fairlight	A/Absolute Inebriation - Vir	A-Demos:A/AbsoluteInebriation/AbsoluteInebriation.Slave
Absolute Swedish 1 - Phew! Productions	A/Absolute Swedish 1 - Phew	A-Demos:A/AbsoluteSwedish/AbsoluteSwedish.slave
Acid In The House - Northstar,The Silents	A/Acid In The House - Norths	A-Demos:A/AcidInTheHouse/AcidInTheHouse.Slave
Acme Slideshow 1991 (Reflection of Perfection) - Acme (Amiga)	A/Acme Slideshow 1991 Reflec	A-Demos:A/Acme1991Slideshow/Acme1991Slideshow.Slave
A Few Tunes by Dr. Awesome and Fleshbrain - The Crusaders	A/A Few Tunes by Dr. Awesome	A-Demos:A/AFewTunes/AFewTunes.Slave
Alchemy - Rage	A/Alchemy - Rage	A-Demos:A/Alchemy/Alchemy.Slave
Alfred The Music Disk - Relay	A/Alfred The Music Disk - Re	A-Demos:A/AlfredTheMusicDisk/AlfredTheMusicDisk.slave
Algebra - Dragon Stone	A/Algebra - Dragon Stone	A-Demos:A/Algebra/Algebra.Slave
Aloha - Rebels	A/Aloha - Rebels	A-Demos:A/Aloha/Aloha.Slave
Alpha & Omega - Pure Metal Coders	A/Alpha Omega - Pure Metal C	A-Demos:A/Alpha&Omega/Alpha&Omega.Slave
Alternative Reality - Suspect	A/Alternative Reality - Susp	A-Demos:A/AlternativeReality/AlternativeReality.Slave
Amazing Tunes - Share And Enjoy,Megaforce	A/Amazing Tunes - Share And	A-Demos:A/AmazingTunes/AmazingTunes.Slave
Amazing Tunes II - Share And Enjoy	A/Amazing Tunes II - Share A	A-Demos:A/AmazingTunes2/AmazingTunes2.Slave
Amplifier 1 - Dimension 4	A/Amplifier 1 - Dimension 4	A-Demos:A/Amplifier1/Amplifier1.Slave
Analogia - Analog	A/Analogia - Analog	A-Demos:A/Analogia/Analogia.Slave
Anarchy (announcetro/Silents fr last demo) - The Silents,Anarchy	A/Anarchy announcetroSilents	A-Demos:A/AnarchyAnnouncetro/AnarchyAnnouncetro.Slave
Anarchy party slide - Razor 1911 AnarchyPartySlide	A/Anarchy party slide - Razo	A-Demos:A/AnarchyParty1991Slideshow/AnarchyPartySlide.Slave
Animotion - Phenomena	A/Animotion - Phenomena	A-Demos:A/Animotion/Animotion.slave
Announce - Lemon.	A/Announce - Lemon.	A-Demos:A/Announce/Announce.Slave
Apocalypse - Gods	A/Apocalypse - Gods	A-Demos:A/Apocalypse/Apocalypse.Slave
Aquarium - Carillon & Cyberiad	A/Aquarium - Carillon Cyberi	A-Demos:A/Aquarium/Aquarium.Slave
Art & Go! - Impulse (.hu)	A/Art Go - Impulse .hu	A-Demos:A/Art&Go/Art&Go.Slave
ARTE - Sanity	A/ARTE - Sanity	A-Demos:A/Arte/Arte.Slave
Artificial Paradise - New Generation Crew AGA	A/Artificial Paradise - New	A-Demos:A/ArtificialParadiseAGA/ArtificialParadiseAGA.slave
Art of Noise 3 - Northtech	A/Art of Noise 3 - Northtech	A-Demos:A/ArtOfNoise3/ArtOfNoise3.Slave
Art of Noise 4 - Northtech	A/Art of Noise 4 - Northtech	A-Demos:A/ArtOfNoise4/ArtOfNoise4.Slave
Assemblo - World Industries	A/Assemblo - World Industrie	A-Demos:A/Assemblo/Assemblo.Slave
Assembly 1992 Slideshow - World Industries	A/Assembly 1992 Slideshow -	A-Demos:A/Assembly92Slideshow/Assembly92Slideshow.Slave
Astrogate - Byterapers	A/Astrogate - Byterapers	A-Demos:A/Astrogate/Astrogate.Slave
Atmospherical Melodies - Carnage	A/Atmospherical Melodies - C	A-Demos:A/AtmosphericalMelodies/AtmosphericalMelodies.Slave
Atome - Skarla AGA	A/Atome - Skarla AGA	A-Demos:A/AtomeAGA/AtomeAGA.Slave
Audio Dreams - Chaos	A/Audio Dreams - Chaos	A-Demos:A/AudioDreams/AudioDreams.Slave
AudiOmega - Rebels	A/AudiOmega - Rebels	A-Demos:A/AudiOmega/AudiOmega.Slave
Audio Rhythm 2 - Tronix	A/Audio Rhythm 2 - Tronix	A-Demos:A/AudioRhythm2/AudioRhythm2.Slave
Audio Violation - DEFEKT	A/Audio Violation - DEFEKT	A-Demos:A/AudioViolation/AudioViolation.slave
Audio-X - The Crusaders	A/Audio-X - The Crusaders	A-Demos:A/AudioX/AudioX.slave
Authentik - Skarla AGA	A/Authentik - Skarla AGA	A-Demos:A/AuthentikAGA/AuthentikAGA.Slave
Autumn nights - Palace	A/Autumn nights - Palace	A-Demos:A/AutumnNights/AutumnNights.slave
Ankara Section Contact Intro - Bronx Intro	A/Ankara Section Contact Int	A-Demos:C/ContactIntro/ContactIntro.Slave
Adam McCrory Music Disk 1 - Adam McCrory	A/Adam McCrory Music Disk 1	A-Demos:M/MusicDisk1AdamMcCrory/MusicDisk1AdamMcCrory.Slave
A-Sensation - Ramses AGA	A/A-Sensation - Ramses AGA	A-Demos:S/SensationAGA/SensationAGA.Slave