Megademo 4 - Devil's Key - Alcatraz	M/Megademo 4 - Devils Key -	A-Demos:D/DevilsKey/DevilsKey.slave
Madness - Anarchy	M/Madness - Anarchy	A-Demos:M/Madness/Madness.Slave
Madness 2 - The Search for Sanity - Anarchy	M/Madness 2 - The Search for	A-Demos:M/Madness2/Madness2.Slave
Maestro Jams vol.1 - Kefrens	M/Maestro Jams vol.1 - Kefre	A-Demos:M/MaestroJamsVol1/MaestroJamsVol1.Slave
Magnetic Dreams - Digital	M/Magnetic Dreams - Digital	A-Demos:M/MagneticDreams/MagneticDreams.Slave
Magnum Icetro - Depth	M/Magnum Icetro - Depth	A-Demos:M/MagnumIcetro/MagnumIcetro.Slave
Makaveli - Essence AGA	M/Makaveli - Essence AGA	A-Demos:M/MakaveliAGA/MakaveliAGA.Slave
Manic Raves II - Logic Systems	M/Manic Raves II - Logic Sys	A-Demos:M/ManicRaves2/ManicRaves2.slave
Marchewki - Alchemy	M/Marchewki - Alchemy	A-Demos:M/Marchewki/Marchewki.Slave
Masterpieces - Kefrens	M/Masterpieces - Kefrens	A-Demos:M/Masterpieces/Masterpieces.Slave
Materialized - Cryptoburners	M/Materialized - Cryptoburne	A-Demos:M/Materialized/Materialized.Slave
Maximum Overdrive 2 - Rage AGA	M/Maximum Overdrive 2 - Rage	A-Demos:M/MaximumOverdrive2/MaximumOverdrive2.Slave
Maximum velocity - The Silents	M/Maximum velocity - The Sil	A-Demos:M/MaximumVelocity/MaximumVelocity.Slave
Mean Break Machine 2 - Tetragon	M/Mean Break Machine 2 - Tet	A-Demos:M/MeanBreakMachine2/MeanBreakMachine2.Slave
Megablast - Rebels	M/Megablast - Rebels	A-Demos:M/Megablast/Megablast.Slave
Megademo 2 - Alcatraz	M/Megademo 2 - Alcatraz	A-Demos:M/Megademo2Alcatraz/Megademo2Alcatraz.slave
Megademo 2 - Bass	M/Megademo 2 - Bass	A-Demos:M/Megademo2Bass/Megademo2Bass.slave
Megademo 2 - Bronx	M/Megademo 2 - Bronx	A-Demos:M/Megademo2Bronx/Megademo2Bronx.Slave
Megademo 2 - Budbrain	M/Megademo 2 - Budbrain	A-Demos:M/Megademo2Budbrain/Megademo2Budbrain.slave
Megademo 2 - Darkness	M/Megademo 2 - Darkness	A-Demos:M/Megademo2Darkness/Megademo2Darkness.slave
Megademo 2 - Dexion	M/Megademo 2 - Dexion	A-Demos:M/Megademo2Dexion/Megademo2Dexion.Slave
Megademo 2 - Disorder	M/Megademo 2 - Disorder	A-Demos:M/Megademo2Disorder/Megademo2Disorder.Slave
Megademo 2 - Megaforce	M/Megademo 2 - Megaforce	A-Demos:M/Megademo2Megaforce/Megademo2Megaforce.Slave
Megademo 2 - Northstar	M/Megademo 2 - Northstar	A-Demos:M/Megademo2NorthStar/Megademo2NorthStar.Slave
Megademo 2 - Rebels	M/Megademo 2 - Rebels	A-Demos:M/Megademo2Rebels/Megademo2Rebels.Slave
Megademo 2 - Scoopex	M/Megademo 2 - Scoopex	A-Demos:M/Megademo2Scoopex/Megademo2Scoopex.Slave
Megademo 2 - Vision	M/Megademo 2 - Vision	A-Demos:M/Megademo2Vision/Megademo2Vision.Slave
Megademo 2 - Vortex 42	M/Megademo 2 - Vortex 42	A-Demos:M/Megademo2Vortex42/Megademo2Vortex42.Slave
Megademo 3 - Alcatraz	M/Megademo 3 - Alcatraz	A-Demos:M/Megademo3Alcatraz/Megademo3Alcatraz.Slave
Megademo 4 - Kefrens,7up Crew	M/Megademo 4 - Kefrens.7up C	A-Demos:M/Megademo4Kefrens&7UpCrew/Megademo4Kefrens&7UpCrew.Slave
Megademo 4 - Vision	M/Megademo 4 - Vision	A-Demos:M/Megademo4Vision/Megademo4Vision.slave
Megademo 5 - Kefrens	M/Megademo 5 - Kefrens	A-Demos:M/Megademo5Kefrens/Megademo5Kefrens.Slave
Megademo 6 - Kefrens	M/Megademo 6 - Kefrens	A-Demos:M/Megademo6Kefrens/Megademo6Kefrens.Slave
Megademo 7 - Kefrens	M/Megademo 7 - Kefrens	A-Demos:M/Megademo7Kefrens/Megademo7Kefrens.Slave
Megademo 8 - Kefrens	M/Megademo 8 - Kefrens	A-Demos:M/Megademo8Kefrens/Megademo8Kefrens.Slave
Megademo - Acme (Amiga)	M/Megademo - Acme Amiga	A-Demos:M/MegademoAcme/MegademoAcme.Slave
Megademo - Alcatraz	M/Megademo - Alcatraz	A-Demos:M/MegademoAlcatraz/MegademoAlcatraz.Slave
Megademo - Avenger	M/Megademo - Avenger	A-Demos:M/MegademoAvenger/MegademoAvenger.slave
Megademo - Bass	M/Megademo - Bass	A-Demos:M/MegademoBass/MegademoBass.slave
Megademo - Beastie Boys	M/Megademo - Beastie Boys	A-Demos:M/MegademoBeastieBoys/MegademoBeastieBoys.slave
Megademo - Budbrain	M/Megademo - Budbrain	A-Demos:M/MegademoBudbrain/MegademoBudbrain.Slave
Megademo - Cult	M/Megademo - Cult	A-Demos:M/MegademoCult/MegademoCult.Slave
Megademo - Darkness	M/Megademo - Darkness	A-Demos:M/MegademoDarkness/MegademoDarkness.slave
Megademo - Deathstar	M/Megademo - Deathstar	A-Demos:M/MegademoDeathstar/MegademoDeathstar.slave
Megademo - Dexion	M/Megademo - Dexion	A-Demos:M/MegademoDexion/MegademoDexion.Slave
Megademo - Digitech	M/Megademo - Digitech	A-Demos:M/MegademoDigitech&IBB/MegademoDigitech&IBB.Slave
Megademo - Dragons	M/Megademo - Dragons	A-Demos:M/MegademoDragons/MegademoDragons.slave
Megademo - Electronic Artists	M/Megademo - Electronic Arti	A-Demos:M/MegademoEOA/MegademoEOA.Slave
Megademo - Excellence	M/Megademo - Excellence	A-Demos:M/MegademoExcellence/MegademoExcellence.Slave
Megademo - Freedom Force	M/Megademo - Freedom Force	A-Demos:M/MegademoFreedomForce/MegademoFreedomForce.slave
Megademo - Goldfire	M/Megademo - Goldfire	A-Demos:M/MegademoGoldfire/MegademoGoldfire.Slave
Megademo - Humanoids	M/Megademo - Humanoids	A-Demos:M/MegademoHumanoids/MegademoHumanoids.Slave
Megademo - Intuition	M/Megademo - Intuition	A-Demos:M/MegademoIntuition/MegademoIntuition.Slave
Megademo - IT IT	M/Megademo - IT IT	A-Demos:M/MegademoIt/MegademoIt.Slave
Megademo - Joy	M/Megademo - Joy	A-Demos:M/MegademoJoy&MGF&TJC/MegademoJoy&MGF&TJC.slave
Megademo One - Katharsis	M/Megademo One - Katharsis	A-Demos:M/MegademoKatharsis/MegademoKatharsis.Slave
Megademo - Mad monks	M/Megademo - Mad monks	A-Demos:M/MegademoMadMonks/MegademoMadMonks.Slave
Megademo one - Manowar	M/Megademo one - Manowar	A-Demos:M/MegademoManowar/MegademoManowar.Slave
Megademo - Megaforce	M/Megademo - Megaforce	A-Demos:M/MegademoMegaforce/MegademoMegaforce.Slave
Megademo - Northstar	M/Megademo - Northstar	A-Demos:M/MegademoNorthStar/MegademoNorthStar.Slave
Megademo - Phenomena	M/Megademo - Phenomena	A-Demos:M/MegademoPhenomena/MegademoPhenomena.slave
Megademo - Possessed	M/Megademo - Possessed	A-Demos:M/MegademoPossessed/MegademoPossessed.Slave
Megademo - Powerslaves	M/Megademo - Powerslaves	A-Demos:M/MegademoPowerslaves/MegademoPowerslaves.Slave
Megademo - Precise	M/Megademo - Precise	A-Demos:M/MegademoPrecise/MegademoPrecise.Slave
Megademo - Predators	M/Megademo - Predators	A-Demos:M/MegademoPredators/MegademoPredators.Slave
Megademo - Pseudoplast	M/Megademo - Pseudoplast	A-Demos:M/MegademoPseudoPlast/MegademoPseudoPlast.Slave
Megademo - Red Sector Inc.	M/Megademo - Red Sector Inc.	A-Demos:M/MegademoRedSectorInc/MegademoRedSectorInc.Slave
Megademo - Royal Amiga Force	M/Megademo - Royal Amiga For	A-Demos:M/MegademoRoyalAmigaForce/MegademoRoyalAmigaForce.slave
Megademo - Scoopex	M/Megademo - Scoopex	A-Demos:M/MegademoScoopex/MegademoScoopex.Slave
Megademo - Software Of Sweden	M/Megademo - Software Of Swe	A-Demos:M/MegademoSOS/MegademoSOS.slave
Megademo - Static bytes	M/Megademo - Static bytes	A-Demos:M/MegademoStaticBytes/MegademoStaticBytes.Slave
Megademo - The link	M/Megademo - The link	A-Demos:M/MegademoTheLink/MegademoTheLink.Slave
Megademo - United Forces	M/Megademo - United Forces	A-Demos:M/MegademoUnitedForces/MegademoUnitedForces.Slave
Megademo - Vermin	M/Megademo - Vermin	A-Demos:M/MegademoVermin/MegademoVermin.Slave
Megademo - Vision	M/Megademo - Vision	A-Demos:M/MegademoVision/MegademoVision.Slave
Megademo - Vortex 42	M/Megademo - Vortex 42	A-Demos:M/MegademoVortex42/MegademoVortex42.Slave
Megademo - Zeus	M/Megademo - Zeus	A-Demos:M/MegademoZeus/MegademoZeus.slave
Megamix 1 - Royal Amiga Force	M/Megamix 1 - Royal Amiga Fo	A-Demos:M/MegaMix1/MegaMix1.Slave
Megamix 2 - The Pumpin' Track - Royal Amiga Force	M/Megamix 2 - The Pumpin Tra	A-Demos:M/MegaMix2/MegaMix2.slave
Megamix 3 - Royal Amiga Force	M/Megamix 3 - Royal Amiga Fo	A-Demos:M/MegaMix3/MegaMix3.Slave
Memorial Songs - Alcatraz	M/Memorial Songs - Alcatraz	A-Demos:M/MemorialSongs/MemorialSongs.Slave
Mental Hangover - Scoopex	M/Mental Hangover - Scoopex	A-Demos:M/MentalHangover/MentalHangover.Slave
Merry Melodies - Relay	M/Merry Melodies - Relay	A-Demos:M/MerryMelodies/MerryMelodies.Slave
Mesmerized - Pure Metal Coders	M/Mesmerized - Pure Metal Co	A-Demos:M/Mesmerized/Mesmerized.Slave
Metal - Bundies	M/Metal - Bundies	A-Demos:M/Metal&Lace/Metal&Lace.Slave
Metal Melissa The Pisser - Animators	M/Metal Melissa The Pisser -	A-Demos:M/MetalMelissaThePisser/MetalMelissaThePisser.Slave
Metamorphosis - Brainstorm	M/Metamorphosis - Brainstorm	A-Demos:M/Metamorphosis/Metamorphosis.Slave
Miami Vice Theme - Swiss Cracking Association	M/Miami Vice Theme - Swiss C	A-Demos:M/MiamiViceTheme/MiamiViceTheme.Slave
Mi-Cro Con-Cept - The Crusaders	M/Mi-Cro Con-Cept - The Crus	A-Demos:M/MicroConcept/MicroConcept.slave
Mina Omistan - Movement AGA	M/Mina Omistan - Movement AG	A-Demos:M/MinaOmistanAGA/MinaOmistanAGA.Slave
Mindriot - Andromeda	M/Mindriot - Andromeda	A-Demos:M/MindRiot/MindRiot.Slave
Mini Megademo - Doom	M/Mini Megademo - Doom	A-Demos:M/MiniMegademoDoom/MiniMegademoDoom.Slave
Mini Soundbox I - Shadow Light,Level 4	M/Mini Soundbox I - Shadow L	A-Demos:M/MiniSoundbox1/MiniSoundbox1.Slave
Mini Soundbox II - Shadow Light,Level 4	M/Mini Soundbox II - Shadow	A-Demos:M/MiniSoundbox2/MiniSoundbox2.Slave
Mini Soundbox III - Shadow Light,Level 4	M/Mini Soundbox III - Shadow	A-Demos:M/MiniSoundbox3/MiniSoundbox3.Slave
Minor Defects - Grace	M/Minor Defects - Grace	A-Demos:M/MinorDefects/MinorDefects.Slave
Miracle Sounds - Miracle	M/Miracle Sounds - Miracle	A-Demos:M/MiracleSounds1/MiracleSounds1.Slave
Mirror - Andromeda	M/Mirror - Andromeda	A-Demos:M/Mirror/Mirror.Slave
Misery Dentro 2 - Masque,Tristar & Red Sector Inc.	M/Misery Dentro 2 - Masque.T	A-Demos:M/MiseryDentro2/MiseryDentro2.Slave
Mixolydian - End of Century 1999	M/Mixolydian - End of Centur	A-Demos:M/Mixolydian/Mixolydian.Slave
Mobile Destination Unknown - Spaceballs	M/Mobile Destination Unknown	A-Demos:M/MobileDestinationUnknown/MobileDestinationUnknown.slave
Moin Jungs - Doctor Mabuse Orgasm Crackings	M/Moin Jungs - Doctor Mabuse	A-Demos:M/MoinJungs/MoinJungs.Slave
Monoxide - Vanish	M/Monoxide - Vanish	A-Demos:M/Monoxide/Monoxide.Slave
Morbid Visions - Cyberiad	M/Morbid Visions - Cyberiad	A-Demos:M/MorbidVisions/MorbidVisions.Slave
Morbid Visions II - Carillon & Cyberiad	M/Morbid Visions II - Carill	A-Demos:M/MorbidVisions2/MorbidVisions2.Slave
Morbid visions 3 - Carillon & Cyberiad,Complex	M/Morbid visions 3 - Carillo	A-Demos:M/MorbidVisions3/MorbidVisions3.Slave
More than music - Alcatraz	M/More than music - Alcatraz	A-Demos:M/MoreThanMusic/MoreThanMusic.Slave
Motion (origin 2) - Bomb AGA	M/Motion origin 2 - Bomb AGA	A-Demos:M/MotionAGA/MotionAGA.slave
Mr. Monkey - Rebels AGA	M/Mr. Monkey - Rebels AGA	A-Demos:M/MrMonkeyAGA/MrMonkeyAGA.Slave
Multica - Andromeda	M/Multica - Andromeda	A-Demos:M/Multica/Multica.slave
Multi Demo - Amaze	M/Multi Demo - Amaze	A-Demos:M/Multidemo/Multidemo.Slave
Multi Megamix - Kefrens	M/Multi Megamix - Kefrens	A-Demos:M/MultiMegamix/MultiMegamix.slave
Multi Megamix 2 - Kefrens	M/Multi Megamix 2 - Kefrens	A-Demos:M/MultiMegamix2/MultiMegamix2.slave
Multi Megamix 3 - Kefrens	M/Multi Megamix 3 - Kefrens	A-Demos:M/MultiMegamix3/MultiMegamix3.Slave
Musabox #2 - Falcons	M/Musabox 2 - Falcons	A-Demos:M/Musabox/Musabox.Slave
Musabox #2 - Falcons	M/Musabox 2 - Falcons 	A-Demos:M/Musabox2/Musabox2.Slave
Museum - Alcatraz	M/Museum - Alcatraz	A-Demos:M/Museum/Museum.Slave
Musical Rabbit - Carillon & Cyberiad	M/Musical Rabbit - Carillon	A-Demos:M/MusicalRabbit/MusicalRabbit.Slave
Musical Secrets - Zite	M/Musical Secrets - Zite	A-Demos:M/MusicalSecrets/MusicalSecrets.Slave
Musication Vol.1 - Absolute!	M/Musication Vol.1 - Absolut	A-Demos:M/Musication/Musication.Slave
Musicbox 3 - Gate	M/Musicbox 3 - Gate	A-Demos:M/Musicbox3/Musicbox3.Slave
Music Box - Copyride	M/Music Box - Copyride	A-Demos:M/MusicBoxCopyride/MusicBoxCopyride.Slave
Musicbox - Exodus	M/Musicbox - Exodus	A-Demos:M/MusicBoxExodus/MusicBoxExodus.Slave
Music Collection 4 - Level 4	M/Music Collection 4 - Level	A-Demos:M/MusicCollection4Zarch/MusicCollection4Zarch.Slave
Music Collection - Exocet	M/Music Collection - Exocet	A-Demos:M/MusicCollectionExocet/MusicCollectionExocet.Slave
Music Collection - Katharsis	M/Music Collection - Kathars	A-Demos:M/MusicCollectionKatharsis/MusicCollectionKatharsis.Slave
Music Compacting 2 - Alpha Flight 1970,Zylon	M/Music Compacting 2 - Alpha	A-Demos:M/MusicCompacting2/MusicCompacting2.slave
Music Compilation - Random Access	M/Music Compilation - Random	A-Demos:M/MusicCompilation/MusicCompilation.Slave
Music Demo - Deform	M/Music Demo - Deform	A-Demos:M/MusicDemoDeform/MusicDemoDeform.Slave
Music Disk 1 - The 81st Track	M/Music Disk 1 - The 81st Tr	A-Demos:M/MusicDisk181stTrack/MusicDisk181stTrack.Slave
Musicdisk 1 - Alcatraz	M/Musicdisk 1 - Alcatraz	A-Demos:M/MusicDisk1Alcatraz/MusicDisk1Alcatraz.Slave
Music Disk - Bass	M/Music Disk - Bass	A-Demos:M/MusicDisk1Bass/MusicDisk1Bass.slave
Music-Disk 1 - D-Mob	M/Music-Disk 1 - D-Mob	A-Demos:M/MusicDisk1DMob/MusicDisk1DMob.Slave
Musicdisk #1 - The Fantasy Force	M/Musicdisk 1 - The Fantasy	A-Demos:M/MusicDisk1FantasyForce/MusicDisk1FantasyForce.Slave
MusicDisk #1 - IKS	M/MusicDisk 1 - IKS	A-Demos:M/MusicDisk1IKS/MusicDisk1IKS.Slave
Musicdisk 1 - Mahoney & Kaktus	M/Musicdisk 1 - Mahoney Kakt	A-Demos:M/MusicDisk1Mahoney&Kaktus/MusicDisk1Mahoney&Kaktus.Slave
Music Disk 1 - Prologic	M/Music Disk 1 - Prologic	A-Demos:M/MusicDisk1Prologic/MusicDisk1Prologic.Slave
Musicdisk 1 - Vega	M/Musicdisk 1 - Vega	A-Demos:M/MusicDisk1Vega/MusicDisk1Vega.Slave
Musicdisk 2 - Fantasy Force	M/Musicdisk 2 - Fantasy Forc	A-Demos:M/MusicDisk2/MusicDisk2.Slave
Music Disk 2 - The 81st Track	M/Music Disk 2 - The 81st Tr	A-Demos:M/MusicDisk281stTrack/MusicDisk281stTrack.Slave
Musicdisk 2 - Darkness	M/Musicdisk 2 - Darkness	A-Demos:M/MusicDisk2Darkness/MusicDisk2Darkness.Slave
Music Madness 2 - Ipec Elite	M/Music Madness 2 - Ipec Eli	A-Demos:M/MusicDisk2Elite/MusicDisk2Elite.Slave
MusicDisk #2 - IKS	M/MusicDisk 2 - IKS	A-Demos:M/MusicDisk2IKS/MusicDisk2IKS.Slave
Musicdisk 2 - Vega	M/Musicdisk 2 - Vega	A-Demos:M/MusicDisk2Vega/MusicDisk2Vega.Slave
Mega Musicdisk III - D-Mob	M/Mega Musicdisk III - D-Mob	A-Demos:M/MusicDisk3DMob/MusicDisk3DMob.Slave
Musicdisk IV - D-Mob	M/Musicdisk IV - D-Mob	A-Demos:M/MusicDisk4DMob/MusicDisk4DMob.Slave
Musicdisk 4 - Vega	M/Musicdisk 4 - Vega	A-Demos:M/MusicDisk4Vega/MusicDisk4Vega.Slave
Music Disk 6 - Ram Jam	M/Music Disk 6 - Ram Jam	A-Demos:M/MusicDisk6RamJam/MusicDisk6RamJam.Slave
Musicdisk - Action Force	M/Musicdisk - Action Force	A-Demos:M/MusicDiskActionForce/MusicDiskActionForce.slave
Musicdisk - Orix,aspect	M/Musicdisk - Orix.aspect	A-Demos:M/MusicDiskAspect&Orix/MusicDiskAspect&Orix.Slave
MusicDisk - Cryptic	M/MusicDisk - Cryptic	A-Demos:M/MusicDiskCryptic/MusicDiskCryptic.Slave
Music Disk - Dexion	M/Music Disk - Dexion	A-Demos:M/MusicDiskDexion/MusicDiskDexion.Slave
Music Disk - Dreamscape	M/Music Disk - Dreamscape	A-Demos:M/MusicDiskDreamscape/MusicDiskDreamscape.Slave
Musicdisk - Escape	M/Musicdisk - Escape	A-Demos:M/MusicDiskEscape/MusicDiskEscape.Slave
Musicdisk - Inzzest	M/Musicdisk - Inzzest	A-Demos:M/MusicDiskInzzest/MusicDiskInzzest.Slave
Music Disk - Ipec Elite	M/Music Disk - Ipec Elite	A-Demos:M/MusicDiskIpecElite/MusicDiskIpecElite.Slave
MusicDisk - Tardex	M/MusicDisk - Tardex	A-Demos:M/MusicDiskTardex/MusicDiskTardex.Slave
Music pack 1 - Thrust	M/Music pack 1 - Thrust	A-Demos:M/MusicDiskThrust/MusicDiskThrust.Slave
Music Dream 1 - Phenomena	M/Music Dream 1 - Phenomena	A-Demos:M/MusicDream1/MusicDream1.Slave
Music Dream 2 - Phenomena	M/Music Dream 2 - Phenomena	A-Demos:M/MusicDream2/MusicDream2.Slave
Music for fools - Ghost	M/Music for fools - Ghost	A-Demos:M/MusicForFools/MusicForFools.Slave
Musicland - Brainstorm	M/Musicland - Brainstorm	A-Demos:M/Musicland/Musicland.slave
Musicland 2 - Brainstorm	M/Musicland 2 - Brainstorm	A-Demos:M/Musicland2/Musicland2.slave
Music Madness - Ipec Elite	M/Music Madness - Ipec Elite	A-Demos:M/MusicMadness/MusicMadness.Slave
Music Madness 2 - Ipec Elite	M/Music Madness 2 - Ipec  V2	A-Demos:M/MusicMadness2/MusicMadness2.Slave
Music Megademo 2 - Ghostbusters Demo2	M/Music Megademo 2 - Ghostbu	A-Demos:M/MusicMegaDemo2/MusicMegaDemo2.Slave
Music party 1990 - Cryptoburners	M/Music party 1990 - Cryptob	A-Demos:M/MusicParty1990/MusicParty1990.slave
Music Rip #2 - Silicon League	M/Music Rip 2 - Silicon Leag	A-Demos:M/MusicRip2/MusicRip2.Slave
Music Rip3 - Spreadpoint	M/Music Rip3 - Spreadpoint	A-Demos:M/MusicRip3/MusicRip3.Slave
Music Selector - Deadlock	M/Music Selector - Deadlock	A-Demos:M/MusicSelector/MusicSelector.Slave
Music With a Message - Magnetic Fields	M/Music With a Message - Mag	A-Demos:M/MusicWithAMessage/MusicWithAMessage.Slave
Muzak compacting 1 - Alpha Flight 1970,Mindwarp	M/Muzak compacting 1 - Alpha	A-Demos:M/MuzakCompacting1/MuzakCompacting1.Slave
Muzaks Disk 1 - Securitate	M/Muzaks Disk 1 - Securitate	A-Demos:M/MuzaksDisk1/MuzaksDisk1.Slave
Muzzax 1 - Byterapers	M/Muzzax 1 - Byterapers	A-Demos:M/Muzzax1/Muzzax1.slave
Muzzax 2 - Byterapers	M/Muzzax 2 - Byterapers	A-Demos:M/Muzzax2/Muzzax2.slave
Muzzax 3 - Byterapers	M/Muzzax 3 - Byterapers	A-Demos:M/Muzzax3/Muzzax3.Slave
Muzzax 4 - Byterapers	M/Muzzax 4 - Byterapers	A-Demos:M/Muzzax4/Muzzax4.Slave
Muzzax 5 - Byterapers	M/Muzzax 5 - Byterapers	A-Demos:M/Muzzax5/Muzzax5.Slave
Muzzax 6 - Byterapers	M/Muzzax 6 - Byterapers	A-Demos:M/Muzzax6/Muzzax6.Slave
Muzzax 7 - Byterapers	M/Muzzax 7 - Byterapers	A-Demos:M/Muzzax7/Muzzax7.Slave
My Room - Fairlight	M/My Room - Fairlight	A-Demos:M/MyRoom/MyRoom.Slave
Megademo - Mirage	M/Megademo - Mirage	A-Demos:P/Prime90/Prime90.Slave