Sounddisk 2 -The Best of Grubi- - Brainstorm	S/Sounddisk 2 -The Best of G	A-Demos:B/BestOfGrubi/BestOfGrubi.Slave
Scoopex Melodies - Scoopex	S/Scoopex Melodies - Scoopex	A-Demos:M/Melodies/Melodies.Slave
S - Skarla AGA	S/S - Skarla AGA	A-Demos:S/SAGA/SAGA.Slave
Sane Sound - Academy	S/Sane Sound - Academy	A-Demos:S/SaneSounds/SaneSounds.slave
ScrewBalls - Phenomena	S/ScrewBalls - Phenomena	A-Demos:S/Screwballs/Screwballs.Slave
SCR Musax 2 - Scrapers	S/SCR Musax 2 - Scrapers	A-Demos:S/SCRMusax2/SCRMusax2.Slave
Seduction - Complex AGA	S/Seduction - Complex AGA	A-Demos:S/SeductionAGA/SeductionAGA.Slave
Seeing is believing - Anarchy	S/Seeing is believing - Anar	A-Demos:S/SeeingIsBelieving/SeeingIsBelieving.Slave
Semi93 invitation - Manitou	S/Semi93 invitation - Manito	A-Demos:S/Semi93Invitation/Semi93Invitation.Slave
Sensenmann - United Forces	S/Sensenmann - United Forces	A-Demos:S/Sensenmann/Sensenmann.Slave
Sequential - Andromeda	S/Sequential - Andromeda	A-Demos:S/Sequential/Sequential.slave
Seven seas - Andromeda	S/Seven seas - Andromeda	A-Demos:S/SevenSeas/SevenSeas.Slave
Seven Sins - Scoopex	S/Seven Sins - Scoopex	A-Demos:S/SevenSins/SevenSins.Slave
Sexvens - Morelove	S/Sexvens - Morelove	A-Demos:S/Sexvens/Sexvens.slave
ShadowFire - Exact	S/ShadowFire - Exact	A-Demos:S/ShadowFire/ShadowFire.Slave
Shaft7 - Bomb AGA	S/Shaft7 - Bomb AGA	A-Demos:S/Shaft7AGA/Shaft7AGA.Slave
Shakka Lakka - Digital AGA	S/Shakka Lakka - Digital AGA	A-Demos:S/ShakkaLakkaAGA/ShakkaLakkaAGA.Slave
Shed Tears - Ozone	S/Shed Tears - Ozone	A-Demos:S/ShedTears/ShedTears.Slave
Sigh - Old Bulls	S/Sigh - Old Bulls	A-Demos:S/Sigh/Sigh.Slave
Silicon Graphics 2 - World Federation of Mad Hackers AGA	S/Silicon Graphics 2 - World	A-Demos:S/SiliconGraphics2AGA/SiliconGraphics2AGA.Slave
Simpsons Demo - Decay	S/Simpsons Demo - Decay	A-Demos:S/Simpsons/Simpsons.Slave
Smau 92 Music Disk - Nightfall	S/Smau 92 Music Disk - Night	A-Demos:S/Smau92MusicDisk/Smau92MusicDisk.Slave
Snap! - Rebels	S/Snap - Rebels	A-Demos:S/Snap/Snap.slave
Soft Movie - Genocide	S/Soft Movie - Genocide	A-Demos:S/SOFTMovie/SOFTMovie.Slave
Software - World Federation of Mad Hackers	S/Software - World Federatio	A-Demos:S/Software/Software.Slave
Soho - Nova AGA	S/Soho - Nova AGA	A-Demos:S/SohoAGA/SohoAGA.Slave
Songs of Infinity - Pointless	S/Songs of Infinity - Pointl	A-Demos:S/SongsOfInfinity/SongsOfInfinity.Slave
Songs rack - Ram Jam AGA	S/Songs rack - Ram Jam AGA	A-Demos:S/SongsRackAGA/SongsRackAGA.Slave
Sonical Fantasia - Equinox	S/Sonical Fantasia - Equinox	A-Demos:S/SonicalFantasia/SonicalFantasia.Slave
Sonic Attack - Dual Crew & Shining	S/Sonic Attack - Dual Crew S	A-Demos:S/SonicAttack/SonicAttack.Slave
Smell Of Shit (S.O.S) - Melon Dezign	S/Smell Of Shit S.O.S - Melo	A-Demos:S/SOS/SOS.Slave
Soulkitchen - The Silents AGA	S/Soulkitchen - The Silents	A-Demos:S/SoulKitchenAGA/SoulKitchenAGA.slave
Sound and Vision - Rebels	S/Sound and Vision - Rebels	A-Demos:S/SoundAndVision/SoundAndVision.Slave
Sound and Vision 2 - Rebels	S/Sound and Vision 2 - Rebel	A-Demos:S/SoundAndVision2/SoundAndVision2.Slave
Sound Atax Vol. 1 - Magnetic Fields	S/Sound Atax Vol. 1 - Magnet	A-Demos:S/SoundAtaxVol1/SoundAtaxVol1.Slave
Sound Atax Vol. 2 - Magnetic Fields	S/Sound Atax Vol. 2 - Magnet	A-Demos:S/SoundAtaxVol2/SoundAtaxVol2.Slave
Sound Atax Vol. 3 - Magnetic Fields	S/Sound Atax Vol. 3 - Magnet	A-Demos:S/SoundAtaxVol3/SoundAtaxVol3.Slave
Sound Barrier - Balance	S/Sound Barrier - Balance	A-Demos:S/SoundBarrier/SoundBarrier.Slave
Soundbox 2 - Alpha Flight 1970,Genesis (Alpha Flight)	S/Soundbox 2 - Alpha Flight	A-Demos:S/Soundbox2/Soundbox2.Slave
Sound De Light - Software Of Sweden	S/Sound De Light - Software	A-Demos:S/SoundDeLight/SoundDeLight.slave
Sounddemo - Syndicate	S/Sounddemo - Syndicate	A-Demos:S/SoundDemoSyndicate/SoundDemoSyndicate.Slave
Sound Disk 1 - Mygon	S/Sound Disk 1 - Mygon	A-Demos:S/SoundDisk1/SoundDisk1.Slave
Sound Disk 2 - Mygon	S/Sound Disk 2 - Mygon	A-Demos:S/SoundDisk2/SoundDisk2.Slave
Sounddisk - Possessed	S/Sounddisk - Possessed	A-Demos:S/SoundDiskPossessed/SoundDiskPossessed.Slave
Sound Disk - Zenith	S/Sound Disk - Zenith	A-Demos:S/SoundDiskZenith/SoundDiskZenith.slave
Sound engine - Absence	S/Sound engine - Absence	A-Demos:S/SoundEngine/SoundEngine.Slave
Sound Engine 2 - Absence	S/Sound Engine 2 - Absence	A-Demos:S/SoundEngine2/SoundEngine2.Slave
Sound Erection - Shining 8	S/Sound Erection - Shining 8	A-Demos:S/SoundErection/SoundErection.Slave
Sound Highlights 1 - Timex	S/Sound Highlights 1 - Timex	A-Demos:S/SoundHighlights1/SoundHighlights1.Slave
Sound Mania 2 - Pussy	S/Sound Mania 2 - Pussy	A-Demos:S/SoundMania2Pussy/SoundMania2Pussy.Slave
Sound of Music 7 - Cave	S/Sound of Music 7 - Cave	A-Demos:S/SoundOfMusic7/SoundOfMusic7.slave
Sound of Silents - The Silents	S/Sound of Silents - The Sil	A-Demos:S/SoundOfSilents/SoundOfSilents.Slave
Soundquest 1 - Quest	S/Soundquest 1 - Quest	A-Demos:S/SoundQuest1/SoundQuest1.Slave
Sound Quest #2 - Quest	S/Sound Quest 2 - Quest	A-Demos:S/SoundQuest2/SoundQuest2.Slave
Soundrevolution 6 - Celtic	S/Soundrevolution 6 - Celtic	A-Demos:S/Soundrevolution6/Soundrevolution6.Slave
Sounds of Gnome - Mahoney & Kaktus,Northstar	S/Sounds of Gnome - Mahoney	A-Demos:S/SoundsOfGnome/SoundsOfGnome.slave
Soundtracker Injury 2 - Electronic Artists	S/Soundtracker Injury 2 - El	A-Demos:S/SoundtrackerInjury2/SoundtrackerInjury2.Slave
Soundtracker Injury 3 - Electronic Artists	S/Soundtracker Injury 3 - El	A-Demos:S/SoundtrackerInjury3/SoundtrackerInjury3.Slave
Soundtrip - Shadows	S/Soundtrip - Shadows	A-Demos:S/Soundtrip/Soundtrip.Slave
Sound Vision - Reflect	S/Sound Vision - Reflect	A-Demos:S/SoundVision/SoundVision.Slave
Sozzled somersault - The Silents	S/Sozzled somersault - The S	A-Demos:S/SozzledSomersault/SozzledSomersault.Slave
Spaced Out Vol. 1 - Magnetic Fields	S/Spaced Out Vol. 1 - Magnet	A-Demos:S/SpacedOutVol1/SpacedOutVol1.Slave
Spaced Out Vol. 2 - Magnetic Fields	S/Spaced Out Vol. 2 - Magnet	A-Demos:S/SpacedOutVol2/SpacedOutVol2.Slave
Spaceship - Doctor Mabuse Orgasm Crackings	S/Spaceship - Doctor Mabuse	A-Demos:S/Spaceship/Spaceship.Slave
Spasmolytic - Spaceballs	S/Spasmolytic - Spaceballs	A-Demos:S/Spasmolytic/Spasmolytic.slave
Spellcheck - Andromeda	S/Spellcheck - Andromeda	A-Demos:S/Spellcheck/Spellcheck.Slave
Sploosh - Anthrox	S/Sploosh - Anthrox	A-Demos:S/Sploosh/Sploosh.Slave
Spring Melodies - Anarchy	S/Spring Melodies - Anarchy	A-Demos:S/SpringMelodies/SpringMelodies.slave
Stag 1 - BNK-Team	S/Stag 1 - BNK-Team	A-Demos:S/Stag1/Stag1.slave
Stag 2 - The BNK Team	S/Stag 2 - The BNK Team	A-Demos:S/Stag2/Stag2.slave
Stag 3 - BNK-Team	S/Stag 3 - BNK-Team	A-Demos:S/Stag3/Stag3.slave
Stag 4 - BNK-Team	S/Stag 4 - BNK-Team	A-Demos:S/Stag4/Stag4.slave
Stag 5 - BNK-Team	S/Stag 5 - BNK-Team	A-Demos:S/Stag5/Stag5.slave
Stag 6 - BNK-Team	S/Stag 6 - BNK-Team	A-Demos:S/Stag6/Stag6.slave
Stag EXTRA - BNK-Team	S/Stag EXTRA - BNK-Team	A-Demos:S/StagExtra/StagExtra.slave
Stag 1 - BNK-Team	S/Stag 1 - BNK-Team 	A-Demos:S/StagSeries/StagSeries.slave
Stateline - Complex	S/Stateline - Complex	A-Demos:S/Stateline/Stateline.Slave
State of the Art - Spaceballs	S/State of the Art - Spaceba	A-Demos:S/StateOfTheArt/StateOfTheArt.Slave
Static Chaos - The Silents	S/Static Chaos - The Silents	A-Demos:S/StaticChaos/StaticChaos.Slave
Status quo - Mad elks	S/Status quo - Mad elks	A-Demos:S/StatusQuo/StatusQuo.Slave
Status quo - Mad elks FAST	S/Status quo - Mad elks FAST	A-Demos:S/StatusQuoFast/StatusQuoFast.Slave
Stereo Sounds - Eon	S/Stereo Sounds - Eon	A-Demos:S/StereoSounds/StereoSounds.Slave
Steve Vizard Demo - Decay	S/Steve Vizard Demo - Decay	A-Demos:S/SteveVizard/SteveVizard.Slave
Stop Fascism - Alcatraz,Interactive	S/Stop Fascism - Alcatraz.In	A-Demos:S/StopFascism/StopFascism.Slave
Strange Music - Strange	S/Strange Music - Strange	A-Demos:S/StrangeMusic1/StrangeMusic1.Slave
Strange Music 2 - Strange	S/Strange Music 2 - Strange	A-Demos:S/StrangeMusic2/StrangeMusic2.Slave
Strange Music 3 - Strange	S/Strange Music 3 - Strange	A-Demos:S/StrangeMusic3/StrangeMusic3.Slave
Subliminal Vision - Bass	S/Subliminal Vision - Bass	A-Demos:S/SubliminalVision/SubliminalVision.Slave
Substance - Quartex,Alliance design	S/Substance - Quartex.Allian	A-Demos:S/Substance/Substance.Slave
Subtle shades - Nuance	S/Subtle shades - Nuance	A-Demos:S/SubtleShades/SubtleShades.Slave
Sumea - Virtual Dreams,Fairlight AGA	S/Sumea - Virtual Dreams.Fai	A-Demos:S/SumeaAGA/SumeaAGA.Slave
Sun - TRSI AGA	S/Sun - TRSI AGA	A-Demos:S/SunAGA/SunAGA.Slave
Sunset glow - Thrust	S/Sunset glow - Thrust	A-Demos:S/SunsetGlow/SunsetGlow.Slave
Sun Tracker II - Analog (amiga),Powerlords,Demons (amiga)	S/Sun Tracker II - Analog am	A-Demos:S/SunTracker2/SunTracker2.Slave
Sweet music - Crusaders	S/Sweet music - Crusaders	A-Demos:S/SweetMusic/SweetMusic.slave
Sweet Revenge - Decay	S/Sweet Revenge - Decay	A-Demos:S/SweetRevenge/SweetRevenge.Slave
Sweltering Forest - Apocalypse Bay	S/Sweltering Forest - Apocal	A-Demos:S/SwelteringForest/SwelteringForest.Slave
Switchback - Rebels AGA	S/Switchback - Rebels AGA	A-Demos:S/SwitchbackAGA/SwitchbackAGA.Slave
Synthesis - Underground	S/Synthesis - Underground	A-Demos:S/Synthesis/Synthesis.Slave
Synthesis - Network AGA	S/Synthesis - Network AGA	A-Demos:S/SynthesisNetworkAGA/SynthesisNetworkAGA.slave
Synthetic Power - Cave	S/Synthetic Power - Cave	A-Demos:S/SyntheticPower/SyntheticPower.Slave
Synthetic Vibes - Quartz	S/Synthetic Vibes - Quartz	A-Demos:S/SyntheticVibes/SyntheticVibes.Slave
System violation - Anarchy	S/System violation - Anarchy	A-Demos:S/SystemViolation/SystemViolation.Slave