Ice - The Silents	I/Ice - The Silents	A-Demos:I/Ice/Ice.slave
Ilex - Mystic AGA	I/Ilex - Mystic AGA	A-Demos:I/IlexAGA/IlexAGA.Slave
Ilyad - Alcatraz AGA	I/Ilyad - Alcatraz AGA	A-Demos:I/IlyadAGA/IlyadAGA.Slave
Imperial Tunes - Parasite	I/Imperial Tunes - Parasite	A-Demos:I/ImperialTunes/ImperialTunes.Slave
Imperial Tunes 2 - Parasite	I/Imperial Tunes 2 - Parasit	A-Demos:I/ImperialTunes2/ImperialTunes2.Slave
Impulse 2 - Tilt,Old Bulls	I/Impulse 2 - Tilt.Old Bulls	A-Demos:I/Impulse2/Impulse2.slave
Infinite Dreams - Lunatics	I/Infinite Dreams - Lunatics	A-Demos:I/InfiniteDreamsLunatics/InfiniteDreamsLunatics.Slave
In Full Affect - WildFire Crew	I/In Full Affect - WildFire	A-Demos:I/InFullAffect/InFullAffect.Slave
InnerShip - Pussy	I/InnerShip - Pussy	A-Demos:I/InnershipPussy/InnershipPussy.slave
Inner-Vision - Dreamdealers	I/Inner-Vision - Dreamdealer	A-Demos:I/Innervision/Innervision.Slave
Inspiration is gone - Kefrens	I/Inspiration is gone - Kefr	A-Demos:I/InspirationIsGone/InspirationIsGone.Slave
Inspiration is none - Anarchy	I/Inspiration is none - Anar	A-Demos:I/InspirationIsNone/InspirationIsNone.Slave
Interference - Sanity	I/Interference - Sanity	A-Demos:I/Interference/Interference.Slave
Interspace - Phenomena	I/Interspace - Phenomena	A-Demos:I/Interspace/Interspace.Slave
In the kitchen - Anarchy	I/In the kitchen - Anarchy	A-Demos:I/InTheKitchen/InTheKitchen.Slave
Intro - The Code Killers GDR	I/Intro - The Code Killers G	A-Demos:I/IntroCodeKillers/IntroCodeKillers.slave
Intro? Dentro? Mentro? Demo? - The Silents Demo	I/Intro Dentro Mentro Demo -	A-Demos:I/IntroDentroMentroDemo/IntroDentroMentroDemo.Slave
Iraq - Animators Demo	I/Iraq - Animators Demo	A-Demos:I/IraqDemo/IraqDemo.Slave
Iso - Scoopex AGA	I/Iso - Scoopex AGA	A-Demos:I/IsoAGA/IsoAGA.slave
It's Just the Beginning - Paragon (Amiga)	I/Its Just the Beginning - P	A-Demos:I/ItsJustTheBeginning/ItsJustTheBeginning.Slave
I've got the power - Alcatraz	I/Ive got the power - Alcatr	A-Demos:I/IveGotThePower/IveGotThePower.Slave