Negative FX - Reality	N/Negative FX - Reality	A-Demos:N/NegativeFX/NegativeFX.Slave
Neural Assault - Rage	N/Neural Assault - Rage	A-Demos:N/NeuralAssault/NeuralAssault.Slave
New age - Ram Jam	N/New age - Ram Jam	A-Demos:N/NewAge/NewAge.Slave
Newtron's Music-Box - Orix	N/Newtrons Music-Box - Orix	A-Demos:N/NewtronsMusicBox/NewtronsMusicBox.Slave
Nexus-7 - Andromeda AGA	N/Nexus-7 - Andromeda AGA	A-Demos:N/Nexus7AGA/Nexus7AGA.Slave
Nightshade's Harmony - Ecstasy	N/Nightshades Harmony - Ecst	A-Demos:N/NightshadesHarmony/NightshadesHarmony.Slave
No Brain - No Pain! (megademo) - Flash Production	N/No Brain - No Pain megadem	A-Demos:N/NoBrainNoPainFlashProd/NoBrainNoPainFlashProd.Slave
No Brain No Pain - Paradise	N/No Brain No Pain - Paradis	A-Demos:N/NoBrainNoPainParadise/NoBrainNoPainParadise.Slave
Noises Of Pansy - Erotic	N/Noises Of Pansy - Erotic	A-Demos:N/NoisesOfPansy/NoisesOfPansy.Slave
Non Stop Music - Jungle Command	N/Non Stop Music - Jungle Co	A-Demos:N/NonStopMusic/NonStopMusic.Slave
Nonterraqueous - Alarm	N/Nonterraqueous - Alarm	A-Demos:N/Nonterraqueous/Nonterraqueous.Slave
Nop - Muffbusters AGA	N/Nop - Muffbusters AGA	A-Demos:N/NopAGA/NopAGA.Slave
Not AGAin! - S.C.A.L.A. AGA	N/Not AGAin - S.C.A.L.A. AGA	A-Demos:N/NotAgain/NotAgain.slave
No Tech - Bass	N/No Tech - Bass	A-Demos:N/NoTech/NoTech.Slave
Nugget - The Black Lotus	N/Nugget - The Black Lotus	A-Demos:N/Nugget/Nugget.Slave
Numb - Movement AGA	N/Numb - Movement AGA	A-Demos:N/NumbAGA/NumbAGA.Slave
NUMERIC - Profecy	N/NUMERIC - Profecy	A-Demos:N/Numeric/Numeric.Slave
NUMERIC 2 - Profecy	N/NUMERIC 2 - Profecy	A-Demos:N/Numeric2/Numeric2.Slave
NUMERIC 3 - Profecy	N/NUMERIC 3 - Profecy	A-Demos:N/Numeric3/Numeric3.Slave