Back 2 Base - Crusaders	B/Back 2 Base - Crusaders	A-Demos:B/Back2Base/Back2Base.Slave
Bacteria - The Crusaders	B/Bacteria - The Crusaders	A-Demos:B/Bacteria/Bacteria.slave
Bandit's Radio - Mad elks	B/Bandits Radio - Mad elks	A-Demos:B/BanditsRadio/BanditsRadio.Slave
Banging Raves - Intuition	B/Banging Raves - Intuition	A-Demos:B/BangingRaves/BangingRaves.Slave
Banging Raves 2 - Intuition	B/Banging Raves 2 - Intuitio	A-Demos:B/BangingRaves2/BangingRaves2.Slave
Bard in a box - Academy	B/Bard in a box - Academy	A-Demos:B/BardInABox/BardInABox.slave
Basso Continuo - Fury	B/Basso Continuo - Fury	A-Demos:B/BassoContinuo/BassoContinuo.Slave
Bass-o-matic - Crusaders	B/Bass-o-matic - Crusaders	A-Demos:B/BassOMatic/BassOMatic.Slave
Batman Vuelve - Batman Group	B/Batman Vuelve - Batman Gro	A-Demos:B/BatmanVuelve/BatmanVuelve.Slave
Baygon - Melon Dezign AGA	B/Baygon - Melon Dezign AGA	A-Demos:B/BaygonAGA/BaygonAGA.Slave
BBS Intro - Taurus Intro	B/BBS Intro - Taurus Intro	A-Demos:B/BBSIntro/BBSIntro.Slave
Beach Volley - Paradox Demo	B/Beach Volley - Paradox Dem	A-Demos:B/BeachVolleyDemo/BeachVolleyDemo.Slave
Beast sonix - Scoopex	B/Beast sonix - Scoopex	A-Demos:B/BeastSonix/BeastSonix.Slave
Beat Box - Warfalcons	B/Beat Box - Warfalcons	A-Demos:B/BeatBox/BeatBox.Slave
Beatvise - Ivory	B/Beatvise - Ivory	A-Demos:B/Beatvise/Beatvise.Slave
Bernard Sumner Music Disk 1 - Relay BernhardSumnerMD1	B/Bernard Sumner Music Disk	A-Demos:B/BernhardSumnerMusicDisk1/BernhardSumnerMD1.Slave
Best of RAF - Katharsis	B/Best of RAF - Katharsis	A-Demos:B/BestOfRAFVol1/BestOfRAFVol1.Slave
Beyond Justice - Dexion	B/Beyond Justice - Dexion	A-Demos:B/BeyondJustice/BeyondJustice.Slave
Beyond the future - Union AGA	B/Beyond the future - Union	A-Demos:B/BeyondTheFutureAGA/BeyondTheFutureAGA.Slave
Big business - Defjam	B/Big business - Defjam	A-Demos:B/BigBusiness/BigBusiness.Slave
Big time sensuality - Axis AGA	B/Big time sensuality - Axis	A-Demos:B/BigTimeSensualityAGA/BigTimeSensualityAGA.slave
Black Energy - Hardline	B/Black Energy - Hardline	A-Demos:B/BlackEnergy/BlackEnergy.Slave
Black'n White Slide - Drifters,Pentagon (Amiga)	B/Blackn White Slide - Drift	A-Demos:B/BlackNWhite/BlackNWhite.Slave
Blasting - Gate	B/Blasting - Gate	A-Demos:B/Blasting/Blasting.Slave
Blue house 2 - Rebels	B/Blue house 2 - Rebels	A-Demos:B/BlueHouse2/BlueHouse2.slave
Blues House - The Silents	B/Blues House - The Silents	A-Demos:B/BluesHouse/BluesHouse.Slave
Bomb The Bass - Tuneshow 2 - The Top Boys	B/Bomb The Bass - Tuneshow 2	A-Demos:B/BombTheBassTuneshow2/BombTheBassTuneshow2.Slave
Book Of Songs - Complex	B/Book Of Songs - Complex	A-Demos:B/BookOfSongs/BookOfSongs.Slave
Boris Vallejo - Apocalypse Bay	B/Boris Vallejo - Apocalypse	A-Demos:B/BorisVallejoSlide/BorisVallejoSlide.Slave
Boulder Demo - Tristar Demo	B/Boulder Demo - Tristar Dem	A-Demos:B/BoulderDemo/BoulderDemo.Slave
Boundless Void - Nemol	B/Boundless Void - Nemol	A-Demos:B/BoundlessVoid/BoundlessVoid.slave
Breathtaker - Virtual Dreams,Fairlight AGA	B/Breathtaker - Virtual Drea	A-Demos:B/BreathtakerAGA/BreathtakerAGA.Slave
Breed CD1 - Nightbreed	B/Breed CD1 - Nightbreed	A-Demos:B/BreedCD1/BreedCD1.Slave
Bruno's Musicbox II - Gate	B/Brunos Musicbox II - Gate	A-Demos:B/BrunosMusicBox2/BrunosMusicBox2.Slave
Brunos box 3 - Anarchy	B/Brunos box 3 - Anarchy	A-Demos:B/BrunosMusicBox3/BrunosMusicBox3.Slave
Bubonic Plague - Bloodsuckers	B/Bubonic Plague - Bloodsuck	A-Demos:B/BubonicPlague/BubonicPlague.Slave
Burning Spear - The Dark Demon	B/Burning Spear - The Dark D	A-Demos:B/BurningSpear/BurningSpear.Slave
BBS Trackmo - Atomic (.no)	B/BBS Trackmo - Atomic .no	A-Demos:D/DarkHellBBSTrackmo/DarkHellBBSTrackmo.Slave