Jehova goes Hitech - Voice	J/Jehova goes Hitech - Voice	A-Demos:J/JehovaGoesHitech/JehovaGoesHitech.Slave
Jesterday - Sanity	J/Jesterday - Sanity	A-Demos:J/Jesterday/Jesterday.slave
Jesus on E's - LSD ES	J/Jesus on Es - LSD ES	A-Demos:J/JesusOnEs/JesusOnEs.slave
Jesus was a demomaker - Ramses AGA	J/Jesus was a demomaker - Ra	A-Demos:J/JesusWasADemomakerAGA/JesusWasADemomakerAGA.Slave
Jiggle It - Palace IT	J/Jiggle It - Palace IT	A-Demos:J/JiggleIt/JiggleIt.Slave
Jochen Hippel Sound Demo - Axis Demo	J/Jochen Hippel Sound Demo -	A-Demos:J/JochenHippelSoundDemo/JochenHippelSoundDemo.Slave
J.O.E. slideshow II - Scoopex	J/J.O.E. slideshow II - Scoo	A-Demos:J/JOESlideshow2/JOESlideshow2.Slave
Joyride - Phenomena	J/Joyride - Phenomena	A-Demos:J/Joyride/Joyride.Slave
Juggler - Eric Graham	J/Juggler - Eric Graham	A-Demos:J/Juggler/Juggler.Slave
Jukebox - Kefrens	J/Jukebox - Kefrens	A-Demos:J/Jukebox/Jukebox.Slave
Jungle Mania - The Jungle Command	J/Jungle Mania - The Jungle	A-Demos:J/JungleMania/JungleMania.slave
Just For Your Ears - Brainwave	J/Just For Your Ears - Brain	A-Demos:J/Just4YourEars/Just4YourEars.Slave