Walkman & Othon Musicdisk - Armada,IT IT	W/Walkman Othon Musicdisk -	A-Demos:M/MusicDiskArmada&It/MusicDiskArmada&It.Slave
Walkman Music - IT	W/Walkman Music - IT	A-Demos:W/WalkmanMusic/WalkmanMusic.Slave
Water proof - Rebels	W/Water proof - Rebels	A-Demos:W/Waterproof/Waterproof.slave
Water proof - Rebels Fixed	W/Water proof - Rebels Fixed	A-Demos:W/WaterproofFixed/WaterproofFixed.slave
Wave Sound - Appendix	W/Wave Sound - Appendix	A-Demos:W/WaveSound/WaveSound.Slave
Wayfarer - Spaceballs	W/Wayfarer - Spaceballs	A-Demos:W/Wayfarer/Wayfarer.slave
We Will Smash You - TRSI	W/We Will Smash You - TRSI	A-Demos:W/WeWillSmashYou/WeWillSmashYou.Slave
When we ride on our enemies - Skarla AGA	W/When we ride on our enemie	A-Demos:W/WhenWeRideAGA/WhenWeRideAGA.slave
Wibbly Wobbly - Magnetic Fields	W/Wibbly Wobbly - Magnetic F	A-Demos:W/WibblyWobbly/WibblyWobbly.Slave
Wicked House - Origin	W/Wicked House - Origin	A-Demos:W/WickedHouse/WickedHouse.Slave
Wicked Sensation - Tristar & Red Sector Inc.	W/Wicked Sensation - Tristar	A-Demos:W/WickedSensation/WickedSensation.Slave
Wild - Anadune,Nah-Kolor AGA	W/Wild - Anadune.Nah-Kolor A	A-Demos:W/WildAGA/WildAGA.Slave
Wind It Up MegaMix 93 - Xymox Project	W/Wind It Up MegaMix 93 - Xy	A-Demos:W/WindItUp/WindItUp.Slave
With Vectors To Heaven - World Federation of Mad Hackers	W/With Vectors To Heaven - W	A-Demos:W/WithVectorsToHeaven/WithVectorsToHeaven.Slave
Wit Premium - Freezers AGA	W/Wit Premium - Freezers AGA	A-Demos:W/WitPremiumAGA/WitPremiumAGA.Slave
World of Commodore - Sanity	W/World of Commodore - Sanit	A-Demos:W/WorldOfCommodore/WorldOfCommodore.slave
World of Commodore - Sanity	W/World of Commodore - Sa V2	A-Demos:W/WorldOfCommodoreAltVer/WorldOfCommodoreAltVer.Slave
World Of Manga - Comax AGA	W/World Of Manga - Comax AGA	A-Demos:W/WorldOfMangaAGA/WorldOfMangaAGA.Slave
World Of Noise #1 - Digitech,Italian bad boys,knight hawks	W/World Of Noise 1 - Digitec	A-Demos:W/WorldOfNoise1/WorldOfNoise1.Slave
World's Wave - Subway	W/Worlds Wave - Subway	A-Demos:W/WorldsWave/WorldsWave.Slave
World's wave II - Subway,Dream Team	W/Worlds wave II - Subway.Dr	A-Demos:W/WorldsWave2/WorldsWave2.Slave
World's wave III - Subway,Dream Team	W/Worlds wave III - Subway.D	A-Demos:W/WorldsWave3/WorldsWave3.Slave
World's wave IV - Subway	W/Worlds wave IV - Subway	A-Demos:W/WorldsWave4/WorldsWave4.Slave