Laterna Magica - Surprise!Productions	L/Laterna Magica - SurpriseP	A-Demos:L/LaternaMagica/LaternaMagica.Slave
Legalise It... - Anarchy IT	L/Legalise It... - Anarchy I	A-Demos:L/LegaliseIt/LegaliseIt.Slave
Legalise It 2 - Anarchy	L/Legalise It 2 - Anarchy	A-Demos:L/LegalizeIt2/LegalizeIt2.slave
Legoland - Desire	L/Legoland - Desire	A-Demos:L/Legoland/Legoland.Slave
Lethal Exit - Digital	L/Lethal Exit - Digital	A-Demos:L/LethalExit/LethalExit.Slave
Lethal Frequency - Aspect	L/Lethal Frequency - Aspect	A-Demos:L/LethalFrequency/LethalFrequency.Slave
Linus - Palace	L/Linus - Palace	A-Demos:L/Linus/Linus.Slave
Lithium - Awesome	L/Lithium - Awesome	A-Demos:L/Lithium/Lithium.Slave
Loony Tunes #1 - Divine	L/Loony Tunes 1 - Divine	A-Demos:L/LoonyTunes/LoonyTunes.Slave
Lost World - Balance	L/Lost World - Balance	A-Demos:L/LostWorld/LostWorld.Slave
Love & Anarchy - Carillon	L/Love Anarchy - Carillon	A-Demos:L/Love&Anarchy/Love&Anarchy.slave
Love - Virtual Dreams,Fairlight AGA	L/Love - Virtual Dreams.Fair	A-Demos:L/LoveAGA/LoveAGA.Slave
Love songs - Crime Devils	L/Love songs - Crime Devils	A-Demos:L/Lovesongs/Lovesongs.Slave