C-64 - Quadlite Demos	C/C-64 - Quadlite Demos	A-Demos:C/C64Demos/C64Demos.Slave
Can I Play With Madness ? - Defcon One	C/Can I Play With Madness -	A-Demos:C/CanIPlayWithMadness/CanIPlayWithMadness.Slave
Capricorn One - Cydonia	C/Capricorn One - Cydonia	A-Demos:C/CapricornOne/CapricornOne.Slave
Captured Dreams - The Black Lotus AGA	C/Captured Dreams - The Blac	A-Demos:C/CapturedDreamsAGA/CapturedDreamsAGA.Slave
Cebit'89 - Exact	C/Cebit89 - Exact	A-Demos:C/Cebit89/Cebit89.Slave
Cebit demo 90 - Revenge of babbnaasen - Red Sector Inc.	C/Cebit demo 90 - Revenge of	A-Demos:C/Cebit90/Cebit90.Slave
Celebration - IT	C/Celebration - IT	A-Demos:C/Celebration/Celebration.Slave
Cerebral Delights - Goldfire	C/Cerebral Delights - Goldfi	A-Demos:C/CerebralDelights/CerebralDelights.Slave
Checked implosion - Intryx	C/Checked implosion - Intryx	A-Demos:C/CheckedImplosion/CheckedImplosion.Slave
Cherokee - Manitou	C/Cherokee - Manitou	A-Demos:C/Cherokee/Cherokee.Slave
Chip Attack - Anathema	C/Chip Attack - Anathema	A-Demos:C/ChipAttack/ChipAttack.Slave
Chip Music - Slipstream	C/Chip Music - Slipstream	A-Demos:C/ChipMusic/ChipMusic.Slave
Chip Music Festival - Magnetic Fields	C/Chip Music Festival - Magn	A-Demos:C/ChipMusicFestival/ChipMusicFestival.Slave
Chords - Foundation	C/Chords - Foundation	A-Demos:C/Chords/Chords.Slave
Chromagic - Dual Crew & Shining	C/Chromagic - Dual Crew Shin	A-Demos:C/Chromagic/Chromagic.Slave
Circle Scroller - United Forces	C/Circle Scroller - United F	A-Demos:C/CircleScroller/CircleScroller.Slave
Clapping World - Subway	C/Clapping World - Subway	A-Demos:C/ClappingWorld/ClappingWorld.Slave
Coca Cola - Fraxion Demo	C/Coca Cola - Fraxion Demo	A-Demos:C/CocaColaDemo/CocaColaDemo.Slave
Coder Trash - Mexx	C/Coder Trash - Mexx	A-Demos:C/Codertrash/Codertrash.Slave
Color Crime - X-Trade	C/Color Crime - X-Trade	A-Demos:C/ColorCrime/ColorCrime.Slave
Colors - Devils	C/Colors - Devils	A-Demos:C/Colors/Colors.Slave
Coma - Rebels	C/Coma - Rebels	A-Demos:C/Coma/Coma.Slave
Compact Music Disk 1 - Semtex	C/Compact Music Disk 1 - Sem	A-Demos:C/CompactMusicDisk1/CompactMusicDisk1.Slave
Compilation Disk - PowerLords	C/Compilation Disk - PowerLo	A-Demos:C/CompilationDisk/CompilationDisk.Slave
Concept Criminosical - Ruthless	C/Concept Criminosical - Rut	A-Demos:C/ConceptCriminosical/ConceptCriminosical.Slave
Contravention - Reality	C/Contravention - Reality	A-Demos:C/Contravention/Contravention.Slave
Control - Oxygene AGA	C/Control - Oxygene AGA	A-Demos:C/ControlAGA/ControlAGA.slave
Copper cabana - Quadlite	C/Copper cabana - Quadlite	A-Demos:C/CopperCabana/CopperCabana.Slave
Copper master - Angels	C/Copper master - Angels	A-Demos:C/CopperMaster/CopperMaster.slave
Copper slave - Ram Jam	C/Copper slave - Ram Jam	A-Demos:C/CopperSlave/CopperSlave.Slave
Crayon Shinchan - Melon Dezign	C/Crayon Shinchan - Melon De	A-Demos:C/CrayonShinchan/CrayonShinchan.Slave
Crazy Sexy Cool - Essence AGA	C/Crazy Sexy Cool - Essence	A-Demos:C/CrazySexyCoolAGA/CrazySexyCoolAGA.Slave
Crazy Sounds II - Team-X	C/Crazy Sounds II - Team-X	A-Demos:C/CrazySounds2/CrazySounds2.Slave
Creamy Cranium 1 - Strangers	C/Creamy Cranium 1 - Strange	A-Demos:C/CreamyCranium1/CreamyCranium1.Slave
Crystal Symphonies - Phenomena	C/Crystal Symphonies - Pheno	A-Demos:C/CrystalSymphonies/CrystalSymphonies.slave
Crystal Symphonies 2 - Phenomena	C/Crystal Symphonies 2 - Phe	A-Demos:C/CrystalSymphonies2/CrystalSymphonies2.slave
Curiosity - Pseudodos	C/Curiosity - Pseudodos	A-Demos:C/Curiosity/Curiosity.Slave
Cutcreations - Static bytes	C/Cutcreations - Static byte	A-Demos:C/Cutcreations/Cutcreations.Slave
Cuzco - Oxygene AGA	C/Cuzco - Oxygene AGA	A-Demos:C/CuzcoAGA/CuzcoAGA.Slave
Cyber Sounds - Bastards	C/Cyber Sounds - Bastards	A-Demos:C/CyberSounds/CyberSounds.Slave