The 100 most remembered c64 game tunes - Sundell & Birk
The Amplifier 2 - Dimension4
The Animatunes - New Generation Crew AGA
The Audience is Listening - Taipan
The Beginning - Byterapers
The Best of Pearl - Byte Busters
The B.I.G. Demo - Mr. Styckx Demo
The Breath Of The Muse - Chryseis,Poseidon AGA
The Complete - Talent
The Dog's Cogs - Nerve Axis AGA
The drunk desert demo - Paradox Demo
The Engine - Ramses AGA
The triple breasted whore of eroticon 6 - Leeds Spreading Division
The Fantastic Art Of Tobias Richter - Crusaders
The Hunt for 7th October - Cryptoburners
The Last Sun - Ackerlight
The enemies musics III - The Enemies
The Musique Disk - Accession
The Party II Slideshow - Decnite
The pink circle - Arcane
The Prey - Polka brothers AGA
The Punisher - Digital
Thalion Sound demo - Thalion Demo
Tuneshow IV (Spherical Dreams) - The Acoustic Revolution
TAG - Jetset,Skid Row AGA
Taylor Dayne: Tell It To My Heart - Algotech Software
The Long Dark Teatime Of The Soul - Leeds Spreading Division
Technological Death - Mad elks
Technomania - Shining 8
Technomania 2 - Shining 8
Techno Trance - Bastards
Techno Trance 3 - Bastards
Techno Warrior - LSD
TechTech - Sodan,Magician 42
Tekkno Bert -The Final Collapse- - Wildfire
Tera Tunes - Alpha Flight
Tera Tunes II - Team-X
Terminal fuckup - Sanity
The Terminator - Status OK
Testament - Katharsis
Third dimension - Cryptoburners
Thug Life - Essence AGA
Tint - The Black Lotus AGA
Titan Trax 1 - Titanics
Top Karaoke Vol.1 - Saturne
Top Karaoke Vol.2 - Saturne AGA
Top Karaoke Vol.3 - Capitaine Flam- - Saturne AGA
Total Kaos - LSD
Toxic Ziemniak - Alchemy
Tragic magic - Rebels
Trash - Digital
Trashcan - Wizzcat
Tropical sunset - The Silents
Tune Disk 1 - Concept
Tuneshow II - Prophets AG,The Acoustic Revolution
Tuneshow III - The Acoustic Revolution
Turmoil - Sanity
Turrican Musicdisk - Andromeda
Turrican Music-Show - Spreadpoint
Twisted - Polka brothers AGA
Tympanic Membrane - Panacea
The Ultimate Gameboy Simulator - Tetris - Symbiosis
The Wall - Kefrens
The Wall (Pink Floyd) - Split
The White Room - Genesis (AFL)