Eargasm Tunes - The Silents	E/Eargasm Tunes - The Silent	A-Demos:E/EargasmTunes/EargasmTunes.Slave
Earwig - Infect	E/Earwig - Infect	A-Demos:E/Earwig/Earwig.Slave
E.C.E.S. slideshow - Rebels AGA	E/E.C.E.S. slideshow - Rebel	A-Demos:E/ECESSlideshow/ECESSlideshow.slave
Ecliptica - TRSI	E/Ecliptica - TRSI	A-Demos:E/Ecliptica/Ecliptica.Slave
Electric Sound 3 - The Goonies 2041	E/Electric Sound 3 - The Goo	A-Demos:E/ElectricSound3/ElectricSound3.Slave
Electrons At Work - The Electronic Knights	E/Electrons At Work - The El	A-Demos:E/ElectronsAtWork/ElectronsAtWork.Slave
Elektrica - Cascade	E/Elektrica - Cascade	A-Demos:E/Elektrica/Elektrica.Slave
Elysium - Sanity	E/Elysium - Sanity	A-Demos:E/Elysium/Elysium.Slave
Emptyhead - Rednex AGA	E/Emptyhead - Rednex AGA	A-Demos:E/EmptyheadAGA/EmptyheadAGA.Slave
End of maloy - The Silents	E/End of maloy - The Silents	A-Demos:E/EndOfMaloy/EndOfMaloy.Slave
End Of The Misery - Sagazity	E/End Of The Misery - Sagazi	A-Demos:E/EndOfTheMisery/EndOfTheMisery.Slave
Enigma - Phenomena	E/Enigma - Phenomena	A-Demos:E/Enigma/Enigma.slave
Enjoy the Silents - The Silents	E/Enjoy the Silents - The Si	A-Demos:E/EnjoyTheSilents/EnjoyTheSilents.Slave
Epilepsia - Amnesia	E/Epilepsia - Amnesia	A-Demos:E/Epilepsia/Epilepsia.Slave
Epilepsia 2 - Amnesia	E/Epilepsia 2 - Amnesia	A-Demos:E/Epilepsia2/Epilepsia2.Slave
Erazorhead - Razor 1911	E/Erazorhead - Razor 1911	A-Demos:E/Erazorhead/Erazorhead.Slave
Essential Beats Volume 3 - Quote	E/Essential Beats Volume 3 -	A-Demos:E/EssentialBeats3/EssentialBeats3.Slave
Essential Classics - Nova	E/Essential Classics - Nova	A-Demos:E/EssentialClassics/EssentialClassics.Slave
Estprobal Mastic - Imagine	E/Estprobal Mastic - Imagine	A-Demos:E/EstprobalMastic/EstprobalMastic.Slave
Evolution - Desire	E/Evolution - Desire	A-Demos:E/EvolutionDesire/EvolutionDesire.Slave
Exage 1 - Burning Independence	E/Exage 1 - Burning Independ	A-Demos:E/Exage/Exage.Slave
Exile - Desire	E/Exile - Desire	A-Demos:E/Exile/Exile.Slave
Experiment - Ram Jam	E/Experiment - Ram Jam	A-Demos:E/Experiment/Experiment.Slave
Explorer - Delight AGA	E/Explorer - Delight AGA	A-Demos:E/ExplorerAGA/ExplorerAGA.slave
Expressions - Timecircle	E/Expressions - Timecircle	A-Demos:E/Expressions/Expressions.Slave
Extemporized - Digital	E/Extemporized - Digital	A-Demos:E/Extemporized/Extemporized.Slave
Extension - Pygmy projects	E/Extension - Pygmy projects	A-Demos:E/Extension/Extension.slave