1001 Stolen Ideas - Airwalk	0-9/1001 Stolen Ideas - Airwal	A-Demos:0-9/1001StolenIdeas/1001StolenIdeas.slave
242 - Fairlight,Virtual Dreams	0-9/242 - Fairlight.Virtual Dr	A-Demos:0-9/242/242.slave
24 Hour E Fix - Quartz Fix	0-9/24 Hour E Fix - Quartz Fix	A-Demos:0-9/24HourEFix/24HourEFix.Slave
2d - Remedy (amiga)	0-9/2d - Remedy amiga	A-Demos:0-9/2D/2D.Slave
2 unlimited No Limit - Project A	0-9/2 unlimited No Limit - Pro	A-Demos:0-9/2UnlimitedNoLimit/2UnlimitedNoLimit.Slave
3D balls - Avenger	0-9/3D balls - Avenger	A-Demos:0-9/3DBalls/3DBalls.Slave
3D DEMO - Anarchy Demo	0-9/3D DEMO - Anarchy Demo	A-Demos:0-9/3DDemo/3DDemo.Slave
3D-DEMO 2 - Anarchy Demo2	0-9/3D-DEMO 2 - Anarchy Demo2	A-Demos:0-9/3DDemo2/3DDemo2.Slave
3D-Net-Analyzer - Doctor Mabuse Orgasm Crackings	0-9/3D-Net-Analyzer - Doctor M	A-Demos:0-9/3DNetAnalyzer/3DNetAnalyzer.Slave
5 Yards - Vision	0-9/5 Yards - Vision	A-Demos:0-9/5Yards/5Yards.Slave
8-Bit Jungle - Unstable Label	0-9/8-Bit Jungle - Unstable La	A-Demos:0-9/8BitJungle/8BitJungle.slave
9 Fingers - Spaceballs	0-9/9 Fingers - Spaceballs	A-Demos:0-9/9Fingers/9Fingers.Slave
3d vector demo - Prophets AG,unicorn	0-9/3d vector demo - Prophets	A-Demos:V/VectorDemoProphetsAG/VectorDemoProphetsAG.Slave