Vaginal Massacre - U.d.o.	V/Vaginal Massacre - U.d.o.	A-Demos:V/VaginalMassacre/VaginalMassacre.slave
Vector balls - Hypnosis	V/Vector balls - Hypnosis	A-Demos:V/VectorBalls/VectorBalls.slave
Vector-Balls Demo - TomSoft Demo	V/Vector-Balls Demo - TomSof	A-Demos:V/VectorBallsDemo/VectorBallsDemo.Slave
Vector - Dual Crew Demo	V/Vector - Dual Crew Demo	A-Demos:V/VectorBobDemo/VectorBobDemo.slave
Vectordance - Cult	V/Vectordance - Cult	A-Demos:V/Vectordance/Vectordance.Slave
Vectordance 2 - Cult	V/Vectordance 2 - Cult	A-Demos:V/Vectordance2/Vectordance2.Slave
Vector All Times - Tristan Lorach	V/Vector All Times - Tristan	A-Demos:V/VectorDemoTristanLorach/VectorDemoTristanLorach.Slave
Vector Exterminator - Shining	V/Vector Exterminator - Shin	A-Demos:V/VectorExterminator/VectorExterminator.Slave
Viktoria - TRSI	V/Viktoria - TRSI	A-Demos:V/Viktoria/Viktoria.Slave
Virtual Harmony - Impact DK	V/Virtual Harmony - Impact D	A-Demos:V/VirtualHarmony/VirtualHarmony.slave
Virtual World - TomSoft	V/Virtual World - TomSoft	A-Demos:V/VirtualWorld/VirtualWorld.Slave
Voyage - Fantasy Force	V/Voyage - Fantasy Force	A-Demos:V/VoyageFantasyForce/VoyageFantasyForce.slave
Voyage - Razor 1911	V/Voyage - Razor 1911	A-Demos:V/VoyageRazor1911/VoyageRazor1911.Slave