Face another day - Razor 1911	F/Face another day - Razor 1	A-Demos:F/FaceAnotherDay/FaceAnotherDay.Slave
Faktory - Virtual Dreams,Fairlight AGA	F/Faktory - Virtual Dreams.F	A-Demos:F/FaktoryAGA/FaktoryAGA.Slave
Falling Up - Analog	F/Falling Up - Analog	A-Demos:F/FallingUp/FallingUp.Slave
Fantastic Dream - Saints	F/Fantastic Dream - Saints	A-Demos:F/FantasticDream/FantasticDream.Slave
Fantastic Pix 1 - Venom	F/Fantastic Pix 1 - Venom	A-Demos:F/FantasticPixVol1/FantasticPixVol1.Slave
Faster Than Hell - World Federation of Mad Hackers	F/Faster Than Hell - World F	A-Demos:F/FasterThanHell/FasterThanHell.Slave
Felix: Don't you want me? - Project A	F/Felix Dont you want me - P	A-Demos:F/FelixDontYouWantMe/FelixDontYouWantMe.Slave
Finlandia - Dual Crew,Complex	F/Finlandia - Dual Crew.Comp	A-Demos:F/Finlandia/Finlandia.Slave
First demo - Exact Demo	F/First demo - Exact Demo	A-Demos:F/FirstDemo/FirstDemo.Slave
Flower Power - Anarchy	F/Flower Power - Anarchy	A-Demos:F/FlowerPower/FlowerPower.Slave
Follow Me - Red Sector Inc.	F/Follow Me - Red Sector Inc	A-Demos:F/FollowMe/FollowMe.Slave
Fool's gold - Sanity	F/Fools gold - Sanity	A-Demos:F/FoolsGold/FoolsGold.Slave
Forgotten - Mirage	F/Forgotten - Mirage	A-Demos:F/Forgotten/Forgotten.Slave
Four seasons - Parasite	F/Four seasons - Parasite	A-Demos:F/FourSeasons/FourSeasons.Slave
Fractal Tunes - Midnightsun	F/Fractal Tunes - Midnightsu	A-Demos:F/FractalTunes/FractalTunes.Slave
Friday at Eight - Polka brothers AGA	F/Friday at Eight - Polka br	A-Demos:F/FridayAtEightAGA/FridayAtEightAGA.Slave
Fullmoon - Virtual Dreams,Fairlight AGA	F/Fullmoon - Virtual Dreams.	A-Demos:F/FullMoonAGA/FullMoonAGA.Slave
Future Synthetix - Anthrox	F/Future Synthetix - Anthrox	A-Demos:F/FutureSynthetix/FutureSynthetix.Slave
Focused on art - Vision,Anarchy	F/Focused on art - Vision.An	A-Demos:V/VisionOfTheArt/VisionOfTheArt.Slave